Component: ARM Compiler 5.06 update 7 (build 960) Tool: armlink [4d3601]

==============================================================================

Section Cross References

    startup_stm32f103xb.o(RESET) refers to startup_stm32f103xb.o(STACK) for __initial_sp
    startup_stm32f103xb.o(RESET) refers to startup_stm32f103xb.o(.text) for Reset_Handler
    startup_stm32f103xb.o(RESET) refers to stm32f1xx_it.o(i.NMI_Handler) for NMI_Handler
    startup_stm32f103xb.o(RESET) refers to stm32f1xx_it.o(i.HardFault_Handler) for HardFault_Handler
    startup_stm32f103xb.o(RESET) refers to stm32f1xx_it.o(i.MemManage_Handler) for MemManage_Handler
    startup_stm32f103xb.o(RESET) refers to stm32f1xx_it.o(i.BusFault_Handler) for BusFault_Handler
    startup_stm32f103xb.o(RESET) refers to stm32f1xx_it.o(i.UsageFault_Handler) for UsageFault_Handler
    startup_stm32f103xb.o(RESET) refers to stm32f1xx_it.o(i.SVC_Handler) for SVC_Handler
    startup_stm32f103xb.o(RESET) refers to stm32f1xx_it.o(i.DebugMon_Handler) for DebugMon_Handler
    startup_stm32f103xb.o(RESET) refers to stm32f1xx_it.o(i.PendSV_Handler) for PendSV_Handler
    startup_stm32f103xb.o(RESET) refers to stm32f1xx_it.o(i.SysTick_Handler) for SysTick_Handler
    startup_stm32f103xb.o(RESET) refers to stm32f1xx_it.o(i.DMA1_Channel1_IRQHandler) for DMA1_Channel1_IRQHandler
    startup_stm32f103xb.o(RESET) refers to stm32f1xx_it.o(i.DMA1_Channel6_IRQHandler) for DMA1_Channel6_IRQHandler
    startup_stm32f103xb.o(RESET) refers to stm32f1xx_it.o(i.USART1_IRQHandler) for USART1_IRQHandler
    startup_stm32f103xb.o(RESET) refers to stm32f1xx_it.o(i.USART2_IRQHandler) for USART2_IRQHandler
    startup_stm32f103xb.o(.text) refers to system_stm32f1xx.o(i.SystemInit) for SystemInit
    startup_stm32f103xb.o(.text) refers to entry.o(.ARM.Collect$$$$00000000) for __main
    main.o(i.SystemClock_Config) refers to memseta.o(.text) for __aeabi_memclr4
    main.o(i.SystemClock_Config) refers to stm32f1xx_hal_rcc.o(i.HAL_RCC_OscConfig) for HAL_RCC_OscConfig
    main.o(i.SystemClock_Config) refers to main.o(i.Error_Handler) for Error_Handler
    main.o(i.SystemClock_Config) refers to stm32f1xx_hal_rcc.o(i.HAL_RCC_ClockConfig) for HAL_RCC_ClockConfig
    main.o(i.SystemClock_Config) refers to stm32f1xx_hal_rcc_ex.o(i.HAL_RCCEx_PeriphCLKConfig) for HAL_RCCEx_PeriphCLKConfig
    main.o(i.main) refers to stm32f1xx_hal.o(i.HAL_Init) for HAL_Init
    main.o(i.main) refers to main.o(i.SystemClock_Config) for SystemClock_Config
    main.o(i.main) refers to gpio.o(i.MX_GPIO_Init) for MX_GPIO_Init
    main.o(i.main) refers to dma.o(i.MX_DMA_Init) for MX_DMA_Init
    main.o(i.main) refers to usart.o(i.MX_USART1_UART_Init) for MX_USART1_UART_Init
    main.o(i.main) refers to adc.o(i.MX_ADC1_Init) for MX_ADC1_Init
    main.o(i.main) refers to tim.o(i.MX_TIM2_Init) for MX_TIM2_Init
    main.o(i.main) refers to i2c.o(i.MX_I2C1_Init) for MX_I2C1_Init
    main.o(i.main) refers to usart.o(i.MX_USART2_UART_Init) for MX_USART2_UART_Init
    main.o(i.main) refers to usart.o(i.MX_USART3_UART_Init) for MX_USART3_UART_Init
    main.o(i.main) refers to delay.o(i.delay_init) for delay_init
    main.o(i.main) refers to dht11.o(i.DHT11_Init) for DHT11_Init
    main.o(i.main) refers to mq2.o(i.mq2_init) for mq2_init
    main.o(i.main) refers to mpu6050.o(i.MPU_Init) for MPU_Init
    main.o(i.main) refers to inv_mpu.o(i.mpu_dmp_init) for mpu_dmp_init
    main.o(i.main) refers to max30102_control.o(i.MAX30102_Init) for MAX30102_Init
    main.o(i.main) refers to atgm336h.o(i.atgm336h_init) for atgm336h_init
    main.o(i.main) refers to oled_app.o(i.oled_init) for oled_init
    main.o(i.main) refers to sensor.o(i.AlarmQueue_Init) for AlarmQueue_Init
    main.o(i.main) refers to asrpro.o(i.asrpro_init) for asrpro_init
    main.o(i.main) refers to scheduler.o(i.scheduler_init) for scheduler_init
    main.o(i.main) refers to oled_app.o(i.OLED_BootAnimation) for OLED_BootAnimation
    main.o(i.main) refers to printfa.o(i.__0printf) for __2printf
    main.o(i.main) refers to usart.o(i.my_printf) for my_printf
    main.o(i.main) refers to scheduler.o(i.scheduler_run) for scheduler_run
    main.o(i.main) refers to sensor.o(.bss) for g_alarm_queue
    main.o(i.main) refers to usart.o(.bss) for huart1
    gpio.o(i.MX_GPIO_Init) refers to stm32f1xx_hal_gpio.o(i.HAL_GPIO_WritePin) for HAL_GPIO_WritePin
    gpio.o(i.MX_GPIO_Init) refers to stm32f1xx_hal_gpio.o(i.HAL_GPIO_Init) for HAL_GPIO_Init
    adc.o(i.HAL_ADC_MspDeInit) refers to stm32f1xx_hal_gpio.o(i.HAL_GPIO_DeInit) for HAL_GPIO_DeInit
    adc.o(i.HAL_ADC_MspDeInit) refers to stm32f1xx_hal_dma.o(i.HAL_DMA_DeInit) for HAL_DMA_DeInit
    adc.o(i.HAL_ADC_MspInit) refers to stm32f1xx_hal_gpio.o(i.HAL_GPIO_Init) for HAL_GPIO_Init
    adc.o(i.HAL_ADC_MspInit) refers to stm32f1xx_hal_dma.o(i.HAL_DMA_Init) for HAL_DMA_Init
    adc.o(i.HAL_ADC_MspInit) refers to main.o(i.Error_Handler) for Error_Handler
[...]
    USB_LP_CAN1_RX0_IRQHandler               0x0800011f   Thumb Code     0  startup_stm32f103xb.o(.text)
    WWDG_IRQHandler                          0x0800011f   Thumb Code     0  startup_stm32f103xb.o(.text)
    __aeabi_ldivmod                          0x08000129   Thumb Code    98  ldiv.o(.text)
    __aeabi_llsr                             0x0800018b   Thumb Code    32  llushr.o(.text)
    _ll_ushift_r                             0x0800018b   Thumb Code     0  llushr.o(.text)
    __aeabi_memcpy                           0x080001ab   Thumb Code    36  memcpya.o(.text)
    __aeabi_memcpy4                          0x080001ab   Thumb Code     0  memcpya.o(.text)
    __aeabi_memcpy8                          0x080001ab   Thumb Code     0  memcpya.o(.text)
    __aeabi_memset                           0x080001cf   Thumb Code    14  memseta.o(.text)
    __aeabi_memset4                          0x080001cf   Thumb Code     0  memseta.o(.text)
    __aeabi_memset8                          0x080001cf   Thumb Code     0  memseta.o(.text)
    __aeabi_memclr                           0x080001dd   Thumb Code     4  memseta.o(.text)
    __aeabi_memclr4                          0x080001dd   Thumb Code     0  memseta.o(.text)
    __aeabi_memclr8                          0x080001dd   Thumb Code     0  memseta.o(.text)
    _memset$wrapper                          0x080001e1   Thumb Code    18  memseta.o(.text)
    strstr                                   0x080001f3   Thumb Code    36  strstr.o(.text)
    strchr                                   0x08000217   Thumb Code    20  strchr.o(.text)
    strlen                                   0x0800022b   Thumb Code    14  strlen.o(.text)
    memcmp                                   0x08000239   Thumb Code    26  memcmp.o(.text)
    strncmp                                  0x08000253   Thumb Code    30  strncmp.o(.text)
    __0sscanf                                0x08000271   Thumb Code    48  __0sscanf.o(.text)
    _scanf_real                              0x080003d1   Thumb Code     0  scanf_fp.o(.text)
    _scanf_really_real                       0x080003d1   Thumb Code   556  scanf_fp.o(.text)
    __aeabi_fadd                             0x08000609   Thumb Code   164  fadd.o(.text)
    __aeabi_fsub                             0x080006ad   Thumb Code     6  fadd.o(.text)
    __aeabi_frsub                            0x080006b3   Thumb Code     6  fadd.o(.text)
    __aeabi_fmul                             0x080006b9   Thumb Code   100  fmul.o(.text)
    __aeabi_fdiv                             0x0800071d   Thumb Code   124  fdiv.o(.text)
    __aeabi_dadd                             0x08000799   Thumb Code   322  dadd.o(.text)
    __aeabi_dsub                             0x080008db   Thumb Code     6  dadd.o(.text)
    __aeabi_drsub                            0x080008e1   Thumb Code     6  dadd.o(.text)
    __aeabi_dmul                             0x080008e7   Thumb Code   228  dmul.o(.text)
    __aeabi_ddiv                             0x080009cb   Thumb Code   222  ddiv.o(.text)
    __aeabi_i2f                              0x08000aa9   Thumb Code    18  fflti.o(.text)
    __aeabi_ui2f                             0x08000abb   Thumb Code    10  ffltui.o(.text)
    __aeabi_i2d                              0x08000ac5   Thumb Code    34  dflti.o(.text)
    __aeabi_f2iz                             0x08000ae7   Thumb Code    50  ffixi.o(.text)
    __aeabi_f2uiz                            0x08000b19   Thumb Code    40  ffixui.o(.text)
    __aeabi_d2uiz                            0x08000b41   Thumb Code    50  dfixui.o(.text)
    __aeabi_f2d                              0x08000b73   Thumb Code    38  f2d.o(.text)
    __aeabi_cdcmpeq                          0x08000b99   Thumb Code     0  cdcmple.o(.text)
    __aeabi_cdcmple                          0x08000b99   Thumb Code    48  cdcmple.o(.text)
    __aeabi_cdrcmple                         0x08000bc9   Thumb Code    48  cdrcmple.o(.text)
    __aeabi_d2f                              0x08000bf9   Thumb Code    56  d2f.o(.text)
    __aeabi_cfcmpeq                          0x08000c31   Thumb Code     0  cfcmple.o(.text)
    __aeabi_cfcmple                          0x08000c31   Thumb Code    20  cfcmple.o(.text)
    __aeabi_cfrcmple                         0x08000c45   Thumb Code    20  cfrcmple.o(.text)
    __aeabi_uidiv                            0x08000c59   Thumb Code     0  uidiv.o(.text)
    __aeabi_uidivmod                         0x08000c59   Thumb Code    44  uidiv.o(.text)
    __aeabi_uldivmod                         0x08000c85   Thumb Code    98  uldiv.o(.text)
    __aeabi_llsl                             0x08000ce7   Thumb Code    30  llshl.o(.text)
    _ll_shift_l                              0x08000ce7   Thumb Code     0  llshl.o(.text)
    __aeabi_lasr                             0x08000d05   Thumb Code    36  llsshr.o(.text)
    _ll_sshift_r                             0x08000d05   Thumb Code     0  llsshr.o(.text)
    __vfscanf_char                           0x08000d35   Thumb Code    20  scanf_char.o(.text)
    _sgetc                                   0x08000d51   Thumb Code    30  _sgetc.o(.text)
    _sbackspace                              0x08000d6f   Thumb Code    34  _sgetc.o(.text)
    __I$use$fp                               0x08000d91   Thumb Code     0  iusefp.o(.text)
    _float_round                             0x08000d91   Thumb Code    18  fepilogue.o(.text)
    _float_epilogue                          0x08000da3   Thumb Code    92  fepilogue.o(.text)
    _double_round                            0x08000dff   Thumb Code    30  depilogue.o(.text)
    _double_epilogue                         0x08000e1d   Thumb Code   156  depilogue.o(.text)
    __ARM_scalbn                             0x08000eb9   Thumb Code    46  dscalb.o(.text)
    scalbn                                   0x08000eb9   Thumb Code     0  dscalb.o(.text)
    _dsqrt                                   0x08000ee7   Thumb Code   162  dsqrt.o(.text)
    __aeabi_ul2d                             0x08000f89   Thumb Code    24  dfltul.o(.text)
    __aeabi_d2ulz                            0x08000fa1   Thumb Code    48  dfixul.o(.text)
    __scatterload                            0x08000fd1   Thumb Code    28  init.o(.text)
    __scatterload_rt2                        0x08000fd1   Thumb Code     0  init.o(.text)
    isspace                                  0x08000ff5   Thumb Code    10  isspace_c.o(.text)
    __vfscanf                                0x08001001   Thumb Code   810  _scanf.o(.text)
    __ctype_lookup                           0x08001331   Thumb Code    34  ctype_c.o(.text)
    __decompress                             0x08001359   Thumb Code     0  __dczerorl2.o(.text)
    __decompress1                            0x08001359   Thumb Code    86  __dczerorl2.o(.text)
    ADC_ConversionStop_Disable               0x080013af   Thumb Code    92  stm32f1xx_hal_adc.o(i.ADC_ConversionStop_Disable)
    ADC_DMAConvCplt                          0x0800140b   Thumb Code    82  stm32f1xx_hal_adc.o(i.ADC_DMAConvCplt)
    ADC_DMAError                             0x0800145d   Thumb Code    30  stm32f1xx_hal_adc.o(i.ADC_DMAError)
    ADC_DMAHalfConvCplt                      0x0800147b   Thumb Code    14  stm32f1xx_hal_adc.o(i.ADC_DMAHalfConvCplt)
    ADC_Enable                               0x08001489   Thumb Code   134  stm32f1xx_hal_adc.o(i.ADC_Enable)
    AlarmQueue_Init                          0x08001519   Thumb Code    14  sensor.o(i.AlarmQueue_Init)
    AlarmQueue_IsEmpty                       0x08001527   Thumb Code    16  sensor.o(i.AlarmQueue_IsEmpty)
    AlarmQueue_Pop                           0x08001537   Thumb Code    58  sensor.o(i.AlarmQueue_Pop)
    AlarmQueue_Push                          0x08001571   Thumb Code   260  sensor.o(i.AlarmQueue_Push)
    BusFault_Handler                         0x080016e1   Thumb Code     4  stm32f1xx_it.o(i.BusFault_Handler)
    Calculate_Heart_Rate_and_SpO2            0x080016e5   Thumb Code    34  max30102.o(i.Calculate_Heart_Rate_and_SpO2)
    DHT11_Init                               0x0800179d   Thumb Code    86  dht11.o(i.DHT11_Init)
    DHT11_Mode_In                            0x080017fd   Thumb Code    36  dht11.o(i.DHT11_Mode_In)
    DHT11_Mode_Out                           0x08001825   Thumb Code    36  dht11.o(i.DHT11_Mode_Out)
    DHT11_Read_Byte                          0x0800184d   Thumb Code   100  dht11.o(i.DHT11_Read_Byte)
    DHT11_Read_Data                          0x080018b5   Thumb Code   250  dht11.o(i.DHT11_Read_Data)
    DMA1_Channel1_IRQHandler                 0x080019b9   Thumb Code    10  stm32f1xx_it.o(i.DMA1_Channel1_IRQHandler)
    DMA1_Channel6_IRQHandler                 0x080019c9   Thumb Code    10  stm32f1xx_it.o(i.DMA1_Channel6_IRQHandler)
    DebugMon_Handler                         0x08001a05   Thumb Code     2  stm32f1xx_it.o(i.DebugMon_Handler)
    Error_Handler                            0x08001a07   Thumb Code     6  main.o(i.Error_Handler)
    HAL_ADC_ConfigChannel                    0x08001a0d   Thumb Code   338  stm32f1xx_hal_adc.o(i.HAL_ADC_ConfigChannel)
    HAL_ADC_ConvCpltCallback                 0x08001b6d   Thumb Code     2  stm32f1xx_hal_adc.o(i.HAL_ADC_ConvCpltCallback)
    HAL_ADC_ConvHalfCpltCallback             0x08001b6f   Thumb Code     2  stm32f1xx_hal_adc.o(i.HAL_ADC_ConvHalfCpltCallback)
    HAL_ADC_ErrorCallback                    0x08001b71   Thumb Code     2  stm32f1xx_hal_adc.o(i.HAL_ADC_ErrorCallback)
    HAL_ADC_Init                             0x08001b75   Thumb Code   314  stm32f1xx_hal_adc.o(i.HAL_ADC_Init)
    HAL_ADC_MspInit                          0x08001cb9   Thumb Code   154  adc.o(i.HAL_ADC_MspInit)
    HAL_ADC_Start_DMA                        0x08001d69   Thumb Code   362  stm32f1xx_hal_adc.o(i.HAL_ADC_Start_DMA)
    HAL_DMA_Abort                            0x08001ee9   Thumb Code    86  stm32f1xx_hal_dma.o(i.HAL_DMA_Abort)
    HAL_DMA_Abort_IT                         0x08001f41   Thumb Code   172  stm32f1xx_hal_dma.o(i.HAL_DMA_Abort_IT)
    HAL_DMA_IRQHandler                       0x08001ff1   Thumb Code   408  stm32f1xx_hal_dma.o(i.HAL_DMA_IRQHandler)
    HAL_DMA_Init                             0x0800218d   Thumb Code   100  stm32f1xx_hal_dma.o(i.HAL_DMA_Init)
    HAL_DMA_Start_IT                         0x080021f5   Thumb Code   156  stm32f1xx_hal_dma.o(i.HAL_DMA_Start_IT)
    HAL_Delay                                0x08002291   Thumb Code    36  stm32f1xx_hal.o(i.HAL_Delay)
    HAL_GPIO_Init                            0x080022b9   Thumb Code   766  stm32f1xx_hal_gpio.o(i.HAL_GPIO_Init)
    HAL_GPIO_ReadPin                         0x080025d9   Thumb Code    16  stm32f1xx_hal_gpio.o(i.HAL_GPIO_ReadPin)
    HAL_GPIO_WritePin                        0x080025e9   Thumb Code    12  stm32f1xx_hal_gpio.o(i.HAL_GPIO_WritePin)
    HAL_GetTick                              0x080025f5   Thumb Code     6  stm32f1xx_hal.o(i.HAL_GetTick)
    HAL_I2C_Init                             0x08002601   Thumb Code   446  stm32f1xx_hal_i2c.o(i.HAL_I2C_Init)
    HAL_I2C_Master_Receive                   0x080027d1   Thumb Code   858  stm32f1xx_hal_i2c.o(i.HAL_I2C_Master_Receive)
    HAL_I2C_Master_Transmit                  0x08002b3d   Thumb Code   360  stm32f1xx_hal_i2c.o(i.HAL_I2C_Master_Transmit)
    HAL_I2C_Mem_Read                         0x08002cad   Thumb Code   868  stm32f1xx_hal_i2c.o(i.HAL_I2C_Mem_Read)
    HAL_I2C_Mem_Write                        0x08003021   Thumb Code   348  stm32f1xx_hal_i2c.o(i.HAL_I2C_Mem_Write)
    HAL_I2C_MspInit                          0x08003185   Thumb Code   104  i2c.o(i.HAL_I2C_MspInit)
    HAL_IncTick                              0x080031f9   Thumb Code    16  stm32f1xx_hal.o(i.HAL_IncTick)
    HAL_Init                                 0x08003211   Thumb Code    34  stm32f1xx_hal.o(i.HAL_Init)
    HAL_InitTick                             0x08003239   Thumb Code    64  stm32f1xx_hal.o(i.HAL_InitTick)
    HAL_MspInit                              0x08003285   Thumb Code    76  stm32f1xx_hal_msp.o(i.HAL_MspInit)
    HAL_NVIC_EnableIRQ                       0x080032d9   Thumb Code    32  stm32f1xx_hal_cortex.o(i.HAL_NVIC_EnableIRQ)
    HAL_NVIC_SetPriority                     0x080032f9   Thumb Code   124  stm32f1xx_hal_cortex.o(i.HAL_NVIC_SetPriority)
    HAL_NVIC_SetPriorityGrouping             0x08003375   Thumb Code    32  stm32f1xx_hal_cortex.o(i.HAL_NVIC_SetPriorityGrouping)
    HAL_RCCEx_PeriphCLKConfig                0x0800339d   Thumb Code   290  stm32f1xx_hal_rcc_ex.o(i.HAL_RCCEx_PeriphCLKConfig)
    HAL_RCC_ClockConfig                      0x080034cd   Thumb Code   376  stm32f1xx_hal_rcc.o(i.HAL_RCC_ClockConfig)
    HAL_RCC_GetHCLKFreq                      0x08003659   Thumb Code     6  stm32f1xx_hal_rcc.o(i.HAL_RCC_GetHCLKFreq)
    HAL_RCC_GetPCLK1Freq                     0x08003665   Thumb Code    22  stm32f1xx_hal_rcc.o(i.HAL_RCC_GetPCLK1Freq)
    HAL_RCC_GetPCLK2Freq                     0x08003685   Thumb Code    22  stm32f1xx_hal_rcc.o(i.HAL_RCC_GetPCLK2Freq)
    HAL_RCC_GetSysClockFreq                  0x080036a5   Thumb Code    92  stm32f1xx_hal_rcc.o(i.HAL_RCC_GetSysClockFreq)
    HAL_RCC_OscConfig                        0x08003715   Thumb Code  1114  stm32f1xx_hal_rcc.o(i.HAL_RCC_OscConfig)
    HAL_SYSTICK_Config                       0x08003b79   Thumb Code    52  stm32f1xx_hal_cortex.o(i.HAL_SYSTICK_Config)
    HAL_TIMEx_MasterConfigSynchronization    0x08003bad   Thumb Code   118  stm32f1xx_hal_tim_ex.o(i.HAL_TIMEx_MasterConfigSynchronization)
    HAL_TIM_Base_Init                        0x08003c31   Thumb Code   102  stm32f1xx_hal_tim.o(i.HAL_TIM_Base_Init)
    HAL_TIM_Base_MspInit                     0x08003c99   Thumb Code    40  tim.o(i.HAL_TIM_Base_MspInit)
    HAL_TIM_Base_Start                       0x08003cc5   Thumb Code    94  stm32f1xx_hal_tim.o(i.HAL_TIM_Base_Start)
    HAL_TIM_ConfigClockSource                0x08003d31   Thumb Code   268  stm32f1xx_hal_tim.o(i.HAL_TIM_ConfigClockSource)
    HAL_UARTEx_ReceiveToIdle_DMA             0x08003e3d   Thumb Code   112  stm32f1xx_hal_uart.o(i.HAL_UARTEx_ReceiveToIdle_DMA)
    HAL_UARTEx_RxEventCallback               0x08003ead   Thumb Code    70  atgm336h.o(i.HAL_UARTEx_RxEventCallback)
    HAL_UART_DMAStop                         0x08003f09   Thumb Code   138  stm32f1xx_hal_uart.o(i.HAL_UART_DMAStop)
    HAL_UART_ErrorCallback                   0x08003f93   Thumb Code     2  stm32f1xx_hal_uart.o(i.HAL_UART_ErrorCallback)
    HAL_UART_IRQHandler                      0x08003f95   Thumb Code   736  stm32f1xx_hal_uart.o(i.HAL_UART_IRQHandler)
    HAL_UART_Init                            0x08004279   Thumb Code   118  stm32f1xx_hal_uart.o(i.HAL_UART_Init)
    HAL_UART_MspInit                         0x080042f1   Thumb Code   414  usart.o(i.HAL_UART_MspInit)
    HAL_UART_Receive_IT                      0x080044b1   Thumb Code    44  stm32f1xx_hal_uart.o(i.HAL_UART_Receive_IT)
    HAL_UART_RxCpltCallback                  0x080044dd   Thumb Code    52  asrpro.o(i.HAL_UART_RxCpltCallback)
    HAL_UART_RxHalfCpltCallback              0x0800452d   Thumb Code     2  stm32f1xx_hal_uart.o(i.HAL_UART_RxHalfCpltCallback)
    HAL_UART_Transmit                        0x0800452f   Thumb Code   190  stm32f1xx_hal_uart.o(i.HAL_UART_Transmit)
    HAL_UART_TxCpltCallback                  0x080045ed   Thumb Code     2  stm32f1xx_hal_uart.o(i.HAL_UART_TxCpltCallback)
    HardFault_Handler                        0x080045ef   Thumb Code     4  stm32f1xx_it.o(i.HardFault_Handler)
    MAX30102_IIC_Ack                         0x08004d79   Thumb Code    48  soft_iic.o(i.MAX30102_IIC_Ack)
    MAX30102_IIC_Init                        0x08004db1   Thumb Code    70  soft_iic.o(i.MAX30102_IIC_Init)
    MAX30102_IIC_NAck                        0x08004e09   Thumb Code    48  soft_iic.o(i.MAX30102_IIC_NAck)
    MAX30102_IIC_Read_Byte                   0x08004e41   Thumb Code    80  soft_iic.o(i.MAX30102_IIC_Read_Byte)
    MAX30102_IIC_SDA_IN                      0x08004e99   Thumb Code    30  soft_iic.o(i.MAX30102_IIC_SDA_IN)
    MAX30102_IIC_SDA_OUT                     0x08004ebd   Thumb Code    26  soft_iic.o(i.MAX30102_IIC_SDA_OUT)
    MAX30102_IIC_Send_Byte                   0x08004edd   Thumb Code    72  soft_iic.o(i.MAX30102_IIC_Send_Byte)
    MAX30102_IIC_Start                       0x08004f2d   Thumb Code    46  soft_iic.o(i.MAX30102_IIC_Start)
    MAX30102_IIC_Stop                        0x08004f65   Thumb Code    44  soft_iic.o(i.MAX30102_IIC_Stop)
    MAX30102_IIC_Wait_Ack                    0x08004f99   Thumb Code    68  soft_iic.o(i.MAX30102_IIC_Wait_Ack)
    MAX30102_Init                            0x08004fe5   Thumb Code   150  max30102_control.o(i.MAX30102_Init)
    MAX30102_Reset                           0x08005085   Thumb Code    20  max30102_control.o(i.MAX30102_Reset)
    MPU_Get_Accelerometer                    0x08005099   Thumb Code    80  mpu6050.o(i.MPU_Get_Accelerometer)
    MPU_Get_Gyroscope                        0x080050e9   Thumb Code    80  mpu6050.o(i.MPU_Get_Gyroscope)
    MPU_Init                                 0x08005139   Thumb Code    44  mpu6050.o(i.MPU_Init)
    MPU_Read_Len                             0x08005165   Thumb Code    64  mpu6050.o(i.MPU_Read_Len)
    MPU_Write_Byte                           0x080051a9   Thumb Code    42  mpu6050.o(i.MPU_Write_Byte)
    MX_ADC1_Init                             0x080051d9   Thumb Code    86  adc.o(i.MX_ADC1_Init)
    MX_DMA_Init                              0x08005239   Thumb Code    64  dma.o(i.MX_DMA_Init)
    MX_GPIO_Init                             0x0800527d   Thumb Code   168  gpio.o(i.MX_GPIO_Init)
    MX_I2C1_Init                             0x08005331   Thumb Code    48  i2c.o(i.MX_I2C1_Init)
    MX_TIM2_Init                             0x0800536d   Thumb Code   102  tim.o(i.MX_TIM2_Init)
    MX_USART1_UART_Init                      0x080053d9   Thumb Code    46  usart.o(i.MX_USART1_UART_Init)
    MX_USART2_UART_Init                      0x08005411   Thumb Code    46  usart.o(i.MX_USART2_UART_Init)
    MX_USART3_UART_Init                      0x08005449   Thumb Code    46  usart.o(i.MX_USART3_UART_Init)
    MemManage_Handler                        0x08005481   Thumb Code     4  stm32f1xx_it.o(i.MemManage_Handler)
    NMI_Handler                              0x08005485   Thumb Code     4  stm32f1xx_it.o(i.NMI_Handler)
    OLED_BootAnimation                       0x08005489   Thumb Code   182  oled_app.o(i.OLED_BootAnimation)
    OLED_Clear                               0x08005581   Thumb Code    42  oled_1.o(i.OLED_Clear)
    OLED_DrawCN_Block                        0x080055ab   Thumb Code    74  oled_1.o(i.OLED_DrawCN_Block)
    OLED_I2C_SendByte                        0x08005611   Thumb Code    84  oled_1.o(i.OLED_I2C_SendByte)
    OLED_I2C_Start                           0x08005669   Thumb Code    44  oled_1.o(i.OLED_I2C_Start)
    OLED_I2C_Stop                            0x08005699   Thumb Code    34  oled_1.o(i.OLED_I2C_Stop)
    OLED_Init                                0x080056c1   Thumb Code   170  oled_1.o(i.OLED_Init)
    OLED_Pow                                 0x0800576b   Thumb Code    20  oled_1.o(i.OLED_Pow)
    OLED_SetCursor                           0x080057b9   Thumb Code    34  oled_1.o(i.OLED_SetCursor)
    OLED_ShowChar                            0x080057dd   Thumb Code   110  oled_1.o(i.OLED_ShowChar)
    OLED_ShowNum                             0x08005851   Thumb Code    68  oled_1.o(i.OLED_ShowNum)
    OLED_ShowProgress                        0x08005895   Thumb Code    64  oled_1.o(i.OLED_ShowProgress)
    OLED_ShowStr                             0x080058d5   Thumb Code   190  oled_1.o(i.OLED_ShowStr)
    OLED_ShowString                          0x08005999   Thumb Code    40  oled_1.o(i.OLED_ShowString)
    OLED_WriteCommand                        0x080059c1   Thumb Code    32  oled_1.o(i.OLED_WriteCommand)
    OLED_WriteData                           0x080059e1   Thumb Code    32  oled_1.o(i.OLED_WriteData)
    PendSV_Handler                           0x08005a01   Thumb Code     2  stm32f1xx_it.o(i.PendSV_Handler)
    SVC_Handler                              0x08005a2d   Thumb Code     2  stm32f1xx_it.o(i.SVC_Handler)
    SysTick_Handler                          0x08005a2f   Thumb Code     8  stm32f1xx_it.o(i.SysTick_Handler)
    SystemClock_Config                       0x08005a37   Thumb Code   132  main.o(i.SystemClock_Config)
    SystemInit                               0x08005abb   Thumb Code     2  system_stm32f1xx.o(i.SystemInit)
    TIM_Base_SetConfig                       0x08005abd   Thumb Code   120  stm32f1xx_hal_tim.o(i.TIM_Base_SetConfig)
    TIM_ETR_SetConfig                        0x08005b41   Thumb Code    22  stm32f1xx_hal_tim.o(i.TIM_ETR_SetConfig)
    UART_Start_Receive_DMA                   0x08005f9d   Thumb Code   186  stm32f1xx_hal_uart.o(i.UART_Start_Receive_DMA)
    UART_Start_Receive_IT                    0x08006065   Thumb Code    64  stm32f1xx_hal_uart.o(i.UART_Start_Receive_IT)
    USART1_IRQHandler                        0x08006191   Thumb Code    10  stm32f1xx_it.o(i.USART1_IRQHandler)
    USART2_IRQHandler                        0x080061a1   Thumb Code    10  stm32f1xx_it.o(i.USART2_IRQHandler)
    UsageFault_Handler                       0x080061b1   Thumb Code     4  stm32f1xx_it.o(i.UsageFault_Handler)
    __0printf                                0x080061b5   Thumb Code    22  printfa.o(i.__0printf)
    __1printf                                0x080061b5   Thumb Code     0  printfa.o(i.__0printf)
    __2printf                                0x080061b5   Thumb Code     0  printfa.o(i.__0printf)
    __c89printf                              0x080061b5   Thumb Code     0  printfa.o(i.__0printf)
    printf                                   0x080061b5   Thumb Code     0  printfa.o(i.__0printf)
    __0sprintf                               0x080061d5   Thumb Code    34  printfa.o(i.__0sprintf)
    __1sprintf                               0x080061d5   Thumb Code     0  printfa.o(i.__0sprintf)
    __2sprintf                               0x080061d5   Thumb Code     0  printfa.o(i.__0sprintf)
    __c89sprintf                             0x080061d5   Thumb Code     0  printfa.o(i.__0sprintf)
    sprintf                                  0x080061d5   Thumb Code     0  printfa.o(i.__0sprintf)
    __0vsnprintf                             0x080061fd   Thumb Code    46  printfa.o(i.__0vsnprintf)
    __1vsnprintf                             0x080061fd   Thumb Code     0  printfa.o(i.__0vsnprintf)
    __2vsnprintf                             0x080061fd   Thumb Code     0  printfa.o(i.__0vsnprintf)
    __c89vsnprintf                           0x080061fd   Thumb Code     0  printfa.o(i.__0vsnprintf)
    vsnprintf                                0x080061fd   Thumb Code     0  printfa.o(i.__0vsnprintf)
    __ARM_fpclassify                         0x08006231   Thumb Code    40  fpclassify.o(i.__ARM_fpclassify)
    __kernel_poly                            0x08006291   Thumb Code   170  poly.o(i.__kernel_poly)
    __mathlib_dbl_divzero                    0x0800633d   Thumb Code    12  dunder.o(i.__mathlib_dbl_divzero)
    __mathlib_dbl_infnan                     0x0800634d   Thumb Code     6  dunder.o(i.__mathlib_dbl_infnan)
    __mathlib_dbl_infnan2                    0x08006353   Thumb Code     4  dunder.o(i.__mathlib_dbl_infnan2)
    __mathlib_dbl_invalid                    0x08006357   Thumb Code    12  dunder.o(i.__mathlib_dbl_invalid)
    __mathlib_dbl_overflow                   0x08006363   Thumb Code    14  dunder.o(i.__mathlib_dbl_overflow)
    __mathlib_dbl_underflow                  0x08006371   Thumb Code    10  dunder.o(i.__mathlib_dbl_underflow)
    __scatterload_copy                       0x08006381   Thumb Code    14  handlers.o(i.__scatterload_copy)
    __scatterload_null                       0x0800638f   Thumb Code     2  handlers.o(i.__scatterload_null)
    __scatterload_zeroinit                   0x08006391   Thumb Code    14  handlers.o(i.__scatterload_zeroinit)
    __set_errno                              0x080063a1   Thumb Code     6  errno.o(i.__set_errno)
    _is_digit                                0x08006531   Thumb Code    14  scanf_fp.o(i._is_digit)
    asin                                     0x08006d11   Thumb Code   572  asin.o(i.asin)
    asrpro_init                              0x08006f81   Thumb Code    14  asrpro.o(i.asrpro_init)
    asrpro_task                              0x08006f99   Thumb Code   194  asrpro.o(i.asrpro_task)
    atan                                     0x080070b5   Thumb Code   474  atan.o(i.atan)
    atan2                                    0x080072d5   Thumb Code   374  atan2.o(i.atan2)
    atgm336h_init                            0x08007471   Thumb Code    48  atgm336h.o(i.atgm336h_init)
    atgm336h_task                            0x080074b5   Thumb Code    66  atgm336h.o(i.atgm336h_task)
    clrStruct                                0x08007501   Thumb Code    22  atgm336h.o(i.clrStruct)
    delay_init                               0x08007585   Thumb Code    10  delay.o(i.delay_init)
    delay_us                                 0x08007595   Thumb Code    26  delay.o(i.delay_us)
    dht11_task                               0x080075b5   Thumb Code    84  dht11.o(i.dht11_task)
    dmp_enable_6x_lp_quat                    0x08007641   Thumb Code    60  inv_mpu_dmp_motion_driver.o(i.dmp_enable_6x_lp_quat)
    dmp_enable_feature                       0x0800767d   Thumb Code   530  inv_mpu_dmp_motion_driver.o(i.dmp_enable_feature)
    dmp_enable_gyro_cal                      0x08007899   Thumb Code    62  inv_mpu_dmp_motion_driver.o(i.dmp_enable_gyro_cal)
    dmp_enable_lp_quat                       0x080078f1   Thumb Code    60  inv_mpu_dmp_motion_driver.o(i.dmp_enable_lp_quat)
    dmp_load_motion_driver_firmware          0x0800792d   Thumb Code    20  inv_mpu_dmp_motion_driver.o(i.dmp_load_motion_driver_firmware)
    dmp_read_fifo                            0x08007945   Thumb Code   462  inv_mpu_dmp_motion_driver.o(i.dmp_read_fifo)
    dmp_set_accel_bias                       0x08007b19   Thumb Code   302  inv_mpu_dmp_motion_driver.o(i.dmp_set_accel_bias)
    dmp_set_fifo_rate                        0x08007c4d   Thumb Code    96  inv_mpu_dmp_motion_driver.o(i.dmp_set_fifo_rate)
    dmp_set_gyro_bias                        0x08007cbd   Thumb Code   294  inv_mpu_dmp_motion_driver.o(i.dmp_set_gyro_bias)
    dmp_set_orientation                      0x08007ded   Thumb Code   290  inv_mpu_dmp_motion_driver.o(i.dmp_set_orientation)
    dmp_set_shake_reject_thresh              0x08007f25   Thumb Code    56  inv_mpu_dmp_motion_driver.o(i.dmp_set_shake_reject_thresh)
    dmp_set_shake_reject_time                0x08007f5d   Thumb Code    38  inv_mpu_dmp_motion_driver.o(i.dmp_set_shake_reject_time)
    dmp_set_shake_reject_timeout             0x08007f83   Thumb Code    38  inv_mpu_dmp_motion_driver.o(i.dmp_set_shake_reject_timeout)
    dmp_set_tap_axes                         0x08007fa9   Thumb Code    70  inv_mpu_dmp_motion_driver.o(i.dmp_set_tap_axes)
    dmp_set_tap_count                        0x08007fef   Thumb Code    38  inv_mpu_dmp_motion_driver.o(i.dmp_set_tap_count)
    dmp_set_tap_thresh                       0x08008015   Thumb Code   396  inv_mpu_dmp_motion_driver.o(i.dmp_set_tap_thresh)
    dmp_set_tap_time                         0x080081b5   Thumb Code    38  inv_mpu_dmp_motion_driver.o(i.dmp_set_tap_time)
    dmp_set_tap_time_multi                   0x080081db   Thumb Code    38  inv_mpu_dmp_motion_driver.o(i.dmp_set_tap_time_multi)
    fputc                                    0x08008201   Thumb Code    22  usart.o(i.fputc)
    inv_orientation_matrix_to_scalar         0x08008a31   Thumb Code    40  inv_mpu.o(i.inv_orientation_matrix_to_scalar)
    inv_row_2_scale                          0x08008a59   Thumb Code    78  inv_mpu.o(i.inv_row_2_scale)
    main                                     0x08008aa9   Thumb Code   112  main.o(i.main)
    max30102_Bus_Read                        0x08008b39   Thumb Code    82  max30102_control.o(i.max30102_Bus_Read)
    max30102_Bus_Write                       0x08008b8b   Thumb Code    68  max30102_control.o(i.max30102_Bus_Write)
    max30102_FIFO_ReadBytes                  0x08008bcf   Thumb Code   128  max30102_control.o(i.max30102_FIFO_ReadBytes)
    max30102_task                            0x08008c51   Thumb Code   458  max30102.o(i.max30102_task)
    maxim_find_peaks                         0x08008e49   Thumb Code    66  algorithm.o(i.maxim_find_peaks)
    maxim_heart_rate_and_oxygen_saturation   0x08008e8d   Thumb Code  1282  algorithm.o(i.maxim_heart_rate_and_oxygen_saturation)
    maxim_peaks_above_min_height             0x08009399   Thumb Code   122  algorithm.o(i.maxim_peaks_above_min_height)
    maxim_remove_close_peaks                 0x08009413   Thumb Code   114  algorithm.o(i.maxim_remove_close_peaks)
    maxim_sort_ascend                        0x08009485   Thumb Code    54  algorithm.o(i.maxim_sort_ascend)
    maxim_sort_indices_descend               0x080094bb   Thumb Code    64  algorithm.o(i.maxim_sort_indices_descend)
    mpu6050_task                             0x080094fd   Thumb Code   862  mpu6050.o(i.mpu6050_task)
    mpu_configure_fifo                       0x080098ad   Thumb Code   106  inv_mpu.o(i.mpu_configure_fifo)
    mpu_dmp_get_data                         0x0800991d   Thumb Code   544  inv_mpu.o(i.mpu_dmp_get_data)
    mpu_dmp_init                             0x08009b41   Thumb Code   152  inv_mpu.o(i.mpu_dmp_init)
    mpu_get_accel_fsr                        0x08009bdd   Thumb Code    72  inv_mpu.o(i.mpu_get_accel_fsr)
    mpu_get_accel_sens                       0x08009c29   Thumb Code    78  inv_mpu.o(i.mpu_get_accel_sens)
    mpu_get_fifo_config                      0x08009c7d   Thumb Code    12  inv_mpu.o(i.mpu_get_fifo_config)
    mpu_get_gyro_fsr                         0x08009c8d   Thumb Code    64  inv_mpu.o(i.mpu_get_gyro_fsr)
    mpu_get_gyro_sens                        0x08009cd1   Thumb Code    58  inv_mpu.o(i.mpu_get_gyro_sens)
    mpu_get_lpf                              0x08009d21   Thumb Code    74  inv_mpu.o(i.mpu_get_lpf)
    mpu_get_sample_rate                      0x08009d71   Thumb Code    26  inv_mpu.o(i.mpu_get_sample_rate)
    mpu_init                                 0x08009d91   Thumb Code   470  inv_mpu.o(i.mpu_init)
    mpu_load_firmware                        0x08009f71   Thumb Code   194  inv_mpu.o(i.mpu_load_firmware)
    mpu_lp_accel_mode                        0x0800a03d   Thumb Code   248  inv_mpu.o(i.mpu_lp_accel_mode)
    mpu_read_fifo_stream                     0x0800a13d   Thumb Code   230  inv_mpu.o(i.mpu_read_fifo_stream)
    mpu_read_mem                             0x0800a22d   Thumb Code   148  inv_mpu.o(i.mpu_read_mem)
    mpu_reset_fifo                           0x0800a2c9   Thumb Code   610  inv_mpu.o(i.mpu_reset_fifo)
    mpu_run_self_test                        0x0800a535   Thumb Code   278  inv_mpu.o(i.mpu_run_self_test)
    mpu_set_accel_fsr                        0x0800a651   Thumb Code   142  inv_mpu.o(i.mpu_set_accel_fsr)
    mpu_set_bypass                           0x0800a6e9   Thumb Code   414  inv_mpu.o(i.mpu_set_bypass)
    mpu_set_dmp_state                        0x0800a891   Thumb Code   168  inv_mpu.o(i.mpu_set_dmp_state)
    mpu_set_gyro_fsr                         0x0800a941   Thumb Code   148  inv_mpu.o(i.mpu_set_gyro_fsr)
    mpu_set_int_latched                      0x0800a9dd   Thumb Code   118  inv_mpu.o(i.mpu_set_int_latched)
    mpu_set_lpf                              0x0800aa5d   Thumb Code   142  inv_mpu.o(i.mpu_set_lpf)
    mpu_set_sample_rate                      0x0800aaf5   Thumb Code   168  inv_mpu.o(i.mpu_set_sample_rate)
    mpu_set_sensors                          0x0800aba5   Thumb Code   232  inv_mpu.o(i.mpu_set_sensors)
    mpu_write_mem                            0x0800ac95   Thumb Code   148  inv_mpu.o(i.mpu_write_mem)
    mq2_init                                 0x0800ad31   Thumb Code    14  mq2.o(i.mq2_init)
    mq2_task                                 0x0800ad49   Thumb Code   214  mq2.o(i.mq2_task)
    my_printf                                0x0800ae75   Thumb Code    58  usart.o(i.my_printf)
    oled_init                                0x0800aeaf   Thumb Code     8  oled_app.o(i.oled_init)
    oled_task                                0x0800aeb9   Thumb Code   570  oled_app.o(i.oled_task)
    parse_uart_command                       0x0800b251   Thumb Code   418  atgm336h.o(i.parse_uart_command)
    pow                                      0x0800b429   Thumb Code  2512  pow.o(i.pow)
    printGpsBuffer                           0x0800be01   Thumb Code     2  atgm336h.o(i.printGpsBuffer)
    rt_ringbuffer_data_len                   0x0800be03   Thumb Code    60  ringbuffer.o(i.rt_ringbuffer_data_len)
    rt_ringbuffer_get                        0x0800be3f   Thumb Code   164  ringbuffer.o(i.rt_ringbuffer_get)
    rt_ringbuffer_init                       0x0800bee3   Thumb Code    48  ringbuffer.o(i.rt_ringbuffer_init)
    rt_ringbuffer_put                        0x0800bf13   Thumb Code   168  ringbuffer.o(i.rt_ringbuffer_put)
    run_self_test                            0x0800bfe5   Thumb Code   148  inv_mpu.o(i.run_self_test)
    scheduler_init                           0x0800c079   Thumb Code     8  scheduler.o(i.scheduler_init)
    scheduler_run                            0x0800c085   Thumb Code    78  scheduler.o(i.scheduler_run)
    send_flag_to_asr                         0x0800c0dd   Thumb Code    44  sensor.o(i.send_flag_to_asr)
    sqrt                                     0x0800c1c9   Thumb Code    76  sqrt.o(i.sqrt)
    AHBPrescTable                            0x0800c226   Data          16  system_stm32f1xx.o(.constdata)
    APBPrescTable                            0x0800c236   Data           8  system_stm32f1xx.o(.constdata)
    reg                                      0x0800c244   Data          30  inv_mpu.o(.constdata)
    hw                                       0x0800c262   Data          12  inv_mpu.o(.constdata)
    test                                     0x0800c270   Data          40  inv_mpu.o(.constdata)
    auw_hamm                                 0x0800ce8e   Data          62  algorithm.o(.constdata)
    uch_spo2_table                           0x0800cecc   Data         184  algorithm.o(.constdata)
    OLED_F8x16                               0x0800cf84   Data        1520  oled_1.o(.constdata)
    OLED_F16x16                              0x0800d574   Data         160  oled_1.o(.constdata)
    Hzk                                      0x0800d614   Data        1332  oled_1.o(.constdata)
    BMP_Photo                                0x0800db48   Data        5520  oled_1.o(.constdata)
    __mathlib_zero                           0x0800f248   Data           8  qnan.o(.constdata)
    __ctype_categories                       0x0800f250   Data          64  ctype_c.o(.constdata)
    Region$$Table$$Base                      0x0800f2c8   Number         0  anon$$obj.o(Region$$Table)
    Region$$Table$$Limit                     0x0800f2e8   Number         0  anon$$obj.o(Region$$Table)
    uwTick                                   0x20000000   Data           4  stm32f1xx_hal.o(.data)
    uwTickPrio                               0x20000004   Data           4  stm32f1xx_hal.o(.data)
    uwTickFreq                               0x20000008   Data           1  stm32f1xx_hal.o(.data)
    SystemCoreClock                          0x2000000c   Data           4  system_stm32f1xx.o(.data)
    task_num                                 0x20000010   Data           1  scheduler.o(.data)
    Rs                                       0x20000074   Data           4  mq2.o(.data)
    R0                                       0x20000078   Data           4  mq2.o(.data)
    RL                                       0x2000007c   Data           4  mq2.o(.data)
    ppm                                      0x20000080   Data           4  mq2.o(.data)
    mq2_voltage                              0x20000084   Data           4  mq2.o(.data)
    mq2_flag                                 0x20000088   Data           1  mq2.o(.data)
    temp                                     0x2000008c   Data           4  dht11.o(.data)
    humi                                     0x20000090   Data           4  dht11.o(.data)
    temp_flag                                0x20000094   Data           1  dht11.o(.data)
    i                                        0x20000098   Data           1  mpu6050.o(.data)
    pitch                                    0x2000009c   Data           4  mpu6050.o(.data)
    roll                                     0x200000a0   Data           4  mpu6050.o(.data)
    yaw                                      0x200000a4   Data           4  mpu6050.o(.data)
    aacx                                     0x200000a8   Data           2  mpu6050.o(.data)
    aacy                                     0x200000aa   Data           2  mpu6050.o(.data)
    aacz                                     0x200000ac   Data           2  mpu6050.o(.data)
    gyrox                                    0x200000ae   Data           2  mpu6050.o(.data)
    gyroy                                    0x200000b0   Data           2  mpu6050.o(.data)
    gyroz                                    0x200000b2   Data           2  mpu6050.o(.data)
    walk                                     0x200000b4   Data           4  mpu6050.o(.data)
    steplength                               0x200000b8   Data           4  mpu6050.o(.data)
    Distance                                 0x200000bc   Data           4  mpu6050.o(.data)
    svm_set                                  0x200000c0   Data           1  mpu6050.o(.data)
    AVM                                      0x200000c2   Data           2  mpu6050.o(.data)
    GVM                                      0x200000c4   Data           2  mpu6050.o(.data)
    fall_flag                                0x200000c6   Data           1  mpu6050.o(.data)
    collision_flag                           0x200000c7   Data           1  mpu6050.o(.data)
    fall_state                               0x200000c8   Data           1  mpu6050.o(.data)
    fall_timer                               0x200000cc   Data           4  mpu6050.o(.data)
    dmp_warmup                               0x200000d0   Data           2  mpu6050.o(.data)
    heartrate_flag                           0x200000d4   Data           1  max30102.o(.data)
    spo2_flag                                0x200000d5   Data           1  max30102.o(.data)
    max30102_data                            0x200000d8   Data        4036  max30102.o(.data)
    hr_index                                 0x2000109c   Data           4  max30102.o(.data)
    spo2_index                               0x200010a0   Data           4  max30102.o(.data)
    prev_hr                                  0x200010a4   Data           4  max30102.o(.data)
    prev_spo2                                0x200010a8   Data           4  max30102.o(.data)
    max30102_finger_detected                 0x200010b0   Data           1  max30102.o(.data)
    dis_hr                                   0x200010b1   Data           1  max30102.o(.data)
    dis_spo2                                 0x200010b2   Data           1  max30102.o(.data)
    longitude                                0x200010b4   Data           4  atgm336h.o(.data)
    latitude                                 0x200010b8   Data           4  atgm336h.o(.data)
    oled_page                                0x200010bc   Data           1  oled_app.o(.data)
    oled_last_page                           0x200010bd   Data           1  oled_app.o(.data)
    alarm_flag                               0x200010c0   Data           1  sensor.o(.data)
    uart_rx_byte                             0x200010f4   Data           1  asrpro.o(.data)
    uart_rx_index                            0x200010f6   Data           2  asrpro.o(.data)
    uart_rx_ticks                            0x200010f8   Data           4  asrpro.o(.data)
    __stdout                                 0x20001134   Data           4  stdout.o(.data)
    hadc1                                    0x2000113c   Data          48  adc.o(.bss)
    hdma_adc1                                0x2000116c   Data          68  adc.o(.bss)
    hi2c1                                    0x200011b0   Data          84  i2c.o(.bss)
    htim2                                    0x20001204   Data          72  tim.o(.bss)
    huart1                                   0x2000124c   Data          72  usart.o(.bss)
    huart2                                   0x20001294   Data          72  usart.o(.bss)
    huart3                                   0x200012dc   Data          72  usart.o(.bss)
    hdma_usart2_rx                           0x20001324   Data          68  usart.o(.bss)
    mq2_buffer                               0x20001368   Data         120  mq2.o(.bss)
    uart_rx_dma_buffer                       0x200013e0   Data        1024  atgm336h.o(.bss)
    uart_dma_buffer                          0x200017e0   Data        1024  atgm336h.o(.bss)
    ringbuffer_pool                          0x20001be0   Data        2048  atgm336h.o(.bss)
    uart_ringbuffer                          0x200023e0   Data          12  atgm336h.o(.bss)
    Save_Data                                0x200023ec   Data         121  atgm336h.o(.bss)
    g_LatAndLongData                         0x20002468   Data          12  atgm336h.o(.bss)
    g_alarm_queue                            0x20002474   Data          68  sensor.o(.bss)
    uart_rx_buffer                           0x200024b8   Data         128  asrpro.o(.bss)
    __initial_sp                             0x200040a8   Data           0  startup_stm32f103xb.o(STACK)



==============================================================================

Memory Map of the image

  Image Entry point : 0x080000ed

  Load Region LR_IROM1 (Base: 0x08000000, Size: 0x00010424, Max: 0x00010000, ABSOLUTE, COMPRESSED[0x0000f398])

    Execution Region ER_IROM1 (Exec base: 0x08000000, Load base: 0x08000000, Size: 0x0000f2e8, Max: 0x00010000, ABSOLUTE)

    Exec Addr    Load Addr    Size         Type   Attr      Idx    E Section Name        Object

    0x08000000   0x08000000   0x000000ec   Data   RO            3    RESET               startup_stm32f103xb.o
    0x080000ec   0x080000ec   0x00000000   Code   RO         5460  * .ARM.Collect$$$$00000000  mc_w.l(entry.o)
    0x080000ec   0x080000ec   0x00000004   Code   RO         5845    .ARM.Collect$$$$00000001  mc_w.l(entry2.o)
    0x080000f0   0x080000f0   0x00000004   Code   RO         5848    .ARM.Collect$$$$00000004  mc_w.l(entry5.o)
    0x080000f4   0x080000f4   0x00000000   Code   RO         5850    .ARM.Collect$$$$00000008  mc_w.l(entry7b.o)
    0x080000f4   0x080000f4   0x00000000   Code   RO         5852    .ARM.Collect$$$$0000000A  mc_w.l(entry8b.o)
    0x080000f4   0x080000f4   0x00000008   Code   RO         5853    .ARM.Collect$$$$0000000B  mc_w.l(entry9a.o)
    0x080000fc   0x080000fc   0x00000004   Code   RO         5860    .ARM.Collect$$$$0000000E  mc_w.l(entry12b.o)
    0x08000100   0x08000100   0x00000000   Code   RO         5855    .ARM.Collect$$$$0000000F  mc_w.l(entry10a.o)
    0x08000100   0x08000100   0x00000000   Code   RO         5857    .ARM.Collect$$$$00000011  mc_w.l(entry11a.o)
    0x08000100   0x08000100   0x00000004   Code   RO         5846    .ARM.Collect$$$$00002712  mc_w.l(entry2.o)
    0x08000104   0x08000104   0x00000024   Code   RO            4    .text               startup_stm32f103xb.o
    0x08000128   0x08000128   0x00000062   Code   RO         5463    .text               mc_w.l(ldiv.o)
    0x0800018a   0x0800018a   0x00000020   Code   RO         5465    .text               mc_w.l(llushr.o)
    0x080001aa   0x080001aa   0x00000024   Code   RO         5467    .text               mc_w.l(memcpya.o)
    0x080001ce   0x080001ce   0x00000024   Code   RO         5469    .text               mc_w.l(memseta.o)
    0x080001f2   0x080001f2   0x00000024   Code   RO         5471    .text               mc_w.l(strstr.o)
    0x08000216   0x08000216   0x00000014   Code   RO         5473    .text               mc_w.l(strchr.o)
    0x0800022a   0x0800022a   0x0000000e   Code   RO         5475    .text               mc_w.l(strlen.o)
    0x08000238   0x08000238   0x0000001a   Code   RO         5477    .text               mc_w.l(memcmp.o)
    0x08000252   0x08000252   0x0000001e   Code   RO         5479    .text               mc_w.l(strncmp.o)
    0x08000270   0x08000270   0x00000038   Code   RO         5772    .text               mc_w.l(__0sscanf.o)
    0x080002a8   0x080002a8   0x00000360   Code   RO         5774    .text               mc_w.l(scanf_fp.o)
    0x08000608   0x08000608   0x000000b0   Code   RO         5778    .text               mf_w.l(fadd.o)
    0x080006b8   0x080006b8   0x00000064   Code   RO         5780    .text               mf_w.l(fmul.o)
    0x0800071c   0x0800071c   0x0000007c   Code   RO         5782    .text               mf_w.l(fdiv.o)
    0x08000798   0x08000798   0x0000014e   Code   RO         5784    .text               mf_w.l(dadd.o)
    0x080008e6   0x080008e6   0x000000e4   Code   RO         5786    .text               mf_w.l(dmul.o)
    0x080009ca   0x080009ca   0x000000de   Code   RO         5788    .text               mf_w.l(ddiv.o)
    0x08000aa8   0x08000aa8   0x00000012   Code   RO         5790    .text               mf_w.l(fflti.o)
    0x08000aba   0x08000aba   0x0000000a   Code   RO         5792    .text               mf_w.l(ffltui.o)
    0x08000ac4   0x08000ac4   0x00000022   Code   RO         5794    .text               mf_w.l(dflti.o)
    0x08000ae6   0x08000ae6   0x00000032   Code   RO         5796    .text               mf_w.l(ffixi.o)
    0x08000b18   0x08000b18   0x00000028   Code   RO         5798    .text               mf_w.l(ffixui.o)
    0x08000b40   0x08000b40   0x00000032   Code   RO         5802    .text               mf_w.l(dfixui.o)
    0x08000b72   0x08000b72   0x00000026   Code   RO         5804    .text               mf_w.l(f2d.o)
    0x08000b98   0x08000b98   0x00000030   Code   RO         5806    .text               mf_w.l(cdcmple.o)
    0x08000bc8   0x08000bc8   0x00000030   Code   RO         5808    .text               mf_w.l(cdrcmple.o)
    0x08000bf8   0x08000bf8   0x00000038   Code   RO         5810    .text               mf_w.l(d2f.o)
    0x08000c30   0x08000c30   0x00000014   Code   RO         5812    .text               mf_w.l(cfcmple.o)
    0x08000c44   0x08000c44   0x00000014   Code   RO         5814    .text               mf_w.l(cfrcmple.o)
    0x08000c58   0x08000c58   0x0000002c   Code   RO         5862    .text               mc_w.l(uidiv.o)
    0x08000c84   0x08000c84   0x00000062   Code   RO         5864    .text               mc_w.l(uldiv.o)
    0x08000ce6   0x08000ce6   0x0000001e   Code   RO         5866    .text               mc_w.l(llshl.o)
    0x08000d04   0x08000d04   0x00000024   Code   RO         5868    .text               mc_w.l(llsshr.o)
    0x08000d28   0x08000d28   0x00000028   Code   RO         5879    .text               mc_w.l(scanf_char.o)
    0x08000d50   0x08000d50   0x00000040   Code   RO         5881    .text               mc_w.l(_sgetc.o)
    0x08000d90   0x08000d90   0x00000000   Code   RO         5883    .text               mc_w.l(iusefp.o)
    0x08000d90   0x08000d90   0x0000006e   Code   RO         5884    .text               mf_w.l(fepilogue.o)
    0x08000dfe   0x08000dfe   0x000000ba   Code   RO         5886    .text               mf_w.l(depilogue.o)
    0x08000eb8   0x08000eb8   0x0000002e   Code   RO         5888    .text               mf_w.l(dscalb.o)
    0x08000ee6   0x08000ee6   0x000000a2   Code   RO         5890    .text               mf_w.l(dsqrt.o)
    0x08000f88   0x08000f88   0x00000018   Code   RO         5892    .text               mf_w.l(dfltul.o)
    0x08000fa0   0x08000fa0   0x00000030   Code   RO         5894    .text               mf_w.l(dfixul.o)
    0x08000fd0   0x08000fd0   0x00000024   Code   RO         5896    .text               mc_w.l(init.o)
    0x08000ff4   0x08000ff4   0x0000000a   Code   RO         5898    .text               mc_w.l(isspace_c.o)
    0x08000ffe   0x08000ffe   0x00000002   PAD
    0x08001000   0x08001000   0x00000330   Code   RO         5900    .text               mc_w.l(_scanf.o)
    0x08001330   0x08001330   0x00000028   Code   RO         5902    .text               mc_w.l(ctype_c.o)
    0x08001358   0x08001358   0x00000056   Code   RO         5913    .text               mc_w.l(__dczerorl2.o)
    0x080013ae   0x080013ae   0x0000005c   Code   RO          680    i.ADC_ConversionStop_Disable  stm32f1xx_hal_adc.o
    0x0800140a   0x0800140a   0x00000052   Code   RO          681    i.ADC_DMAConvCplt   stm32f1xx_hal_adc.o
    0x0800145c   0x0800145c   0x0000001e   Code   RO          682    i.ADC_DMAError      stm32f1xx_hal_adc.o
    0x0800147a   0x0800147a   0x0000000e   Code   RO          683    i.ADC_DMAHalfConvCplt  stm32f1xx_hal_adc.o
    0x08001488   0x08001488   0x00000090   Code   RO          684    i.ADC_Enable        stm32f1xx_hal_adc.o
    0x08001518   0x08001518   0x0000000e   Code   RO         4313    i.AlarmQueue_Init   sensor.o
    0x08001526   0x08001526   0x00000010   Code   RO         4314    i.AlarmQueue_IsEmpty  sensor.o
    0x08001536   0x08001536   0x0000003a   Code   RO         4315    i.AlarmQueue_Pop    sensor.o
    0x08001570   0x08001570   0x00000104   Code   RO         4316    i.AlarmQueue_Push   sensor.o
    0x08001674   0x08001674   0x0000006c   Code   RO         4317    i.Alarm_ScanAndEnqueue  sensor.o
    0x080016e0   0x080016e0   0x00000004   Code   RO          520    i.BusFault_Handler  stm32f1xx_it.o
    0x080016e4   0x080016e4   0x00000028   Code   RO         4132    i.Calculate_Heart_Rate_and_SpO2  max30102.o
    0x0800170c   0x0800170c   0x00000090   Code   RO         4133    i.Check_Finger_Now  max30102.o
    0x0800179c   0x0800179c   0x00000060   Code   RO         3989    i.DHT11_Init        dht11.o
    0x080017fc   0x080017fc   0x00000028   Code   RO         3990    i.DHT11_Mode_In     dht11.o
    0x08001824   0x08001824   0x00000028   Code   RO         3991    i.DHT11_Mode_Out    dht11.o
    0x0800184c   0x0800184c   0x00000068   Code   RO         3992    i.DHT11_Read_Byte   dht11.o
    0x080018b4   0x080018b4   0x00000104   Code   RO         3993    i.DHT11_Read_Data   dht11.o
    0x080019b8   0x080019b8   0x00000010   Code   RO          521    i.DMA1_Channel1_IRQHandler  stm32f1xx_it.o
    0x080019c8   0x080019c8   0x00000010   Code   RO          522    i.DMA1_Channel6_IRQHandler  stm32f1xx_it.o
    0x080019d8   0x080019d8   0x0000002c   Code   RO         1341    i.DMA_SetConfig     stm32f1xx_hal_dma.o
    0x08001a04   0x08001a04   0x00000002   Code   RO          523    i.DebugMon_Handler  stm32f1xx_it.o
    0x08001a06   0x08001a06   0x00000006   Code   RO           13    i.Error_Handler     main.o
    0x08001a0c   0x08001a0c   0x00000160   Code   RO          686    i.HAL_ADC_ConfigChannel  stm32f1xx_hal_adc.o
    0x08001b6c   0x08001b6c   0x00000002   Code   RO          687    i.HAL_ADC_ConvCpltCallback  stm32f1xx_hal_adc.o
    0x08001b6e   0x08001b6e   0x00000002   Code   RO          688    i.HAL_ADC_ConvHalfCpltCallback  stm32f1xx_hal_adc.o
    0x08001b70   0x08001b70   0x00000002   Code   RO          690    i.HAL_ADC_ErrorCallback  stm32f1xx_hal_adc.o
    0x08001b72   0x08001b72   0x00000002   PAD
    0x08001b74   0x08001b74   0x00000144   Code   RO          695    i.HAL_ADC_Init      stm32f1xx_hal_adc.o
    0x08001cb8   0x08001cb8   0x000000b0   Code   RO          288    i.HAL_ADC_MspInit   adc.o
    0x08001d68   0x08001d68   0x00000180   Code   RO          702    i.HAL_ADC_Start_DMA  stm32f1xx_hal_adc.o
    0x08001ee8   0x08001ee8   0x00000056   Code   RO         1342    i.HAL_DMA_Abort     stm32f1xx_hal_dma.o
    0x08001f3e   0x08001f3e   0x00000002   PAD
    0x08001f40   0x08001f40   0x000000b0   Code   RO         1343    i.HAL_DMA_Abort_IT  stm32f1xx_hal_dma.o
    0x08001ff0   0x08001ff0   0x0000019c   Code   RO         1347    i.HAL_DMA_IRQHandler  stm32f1xx_hal_dma.o
    0x0800218c   0x0800218c   0x00000068   Code   RO         1348    i.HAL_DMA_Init      stm32f1xx_hal_dma.o
    0x080021f4   0x080021f4   0x0000009c   Code   RO         1352    i.HAL_DMA_Start_IT  stm32f1xx_hal_dma.o
    0x08002290   0x08002290   0x00000028   Code   RO          963    i.HAL_Delay         stm32f1xx_hal.o
    0x080022b8   0x080022b8   0x00000320   Code   RO         1278    i.HAL_GPIO_Init     stm32f1xx_hal_gpio.o
    0x080025d8   0x080025d8   0x00000010   Code   RO         1280    i.HAL_GPIO_ReadPin  stm32f1xx_hal_gpio.o
    0x080025e8   0x080025e8   0x0000000c   Code   RO         1282    i.HAL_GPIO_WritePin  stm32f1xx_hal_gpio.o
    0x080025f4   0x080025f4   0x0000000c   Code   RO          967    i.HAL_GetTick       stm32f1xx_hal.o
    0x08002600   0x08002600   0x000001d0   Code   RO         1975    i.HAL_I2C_Init      stm32f1xx_hal_i2c.o
    0x080027d0   0x080027d0   0x0000036c   Code   RO         1981    i.HAL_I2C_Master_Receive  stm32f1xx_hal_i2c.o
    0x08002b3c   0x08002b3c   0x00000170   Code   RO         1988    i.HAL_I2C_Master_Transmit  stm32f1xx_hal_i2c.o
    0x08002cac   0x08002cac   0x00000374   Code   RO         1993    i.HAL_I2C_Mem_Read  stm32f1xx_hal_i2c.o
    0x08003020   0x08003020   0x00000164   Code   RO         1996    i.HAL_I2C_Mem_Write  stm32f1xx_hal_i2c.o
    0x08003184   0x08003184   0x00000074   Code   RO          354    i.HAL_I2C_MspInit   i2c.o
    0x080031f8   0x080031f8   0x00000018   Code   RO          973    i.HAL_IncTick       stm32f1xx_hal.o
    0x08003210   0x08003210   0x00000028   Code   RO          974    i.HAL_Init          stm32f1xx_hal.o
    0x08003238   0x08003238   0x0000004c   Code   RO          975    i.HAL_InitTick      stm32f1xx_hal.o
    0x08003284   0x08003284   0x00000054   Code   RO          620    i.HAL_MspInit       stm32f1xx_hal_msp.o
    0x080032d8   0x080032d8   0x00000020   Code   RO         1438    i.HAL_NVIC_EnableIRQ  stm32f1xx_hal_cortex.o
    0x080032f8   0x080032f8   0x0000007c   Code   RO         1444    i.HAL_NVIC_SetPriority  stm32f1xx_hal_cortex.o
    0x08003374   0x08003374   0x00000028   Code   RO         1445    i.HAL_NVIC_SetPriorityGrouping  stm32f1xx_hal_cortex.o
    0x0800339c   0x0800339c   0x00000130   Code   RO         1240    i.HAL_RCCEx_PeriphCLKConfig  stm32f1xx_hal_rcc_ex.o
    0x080034cc   0x080034cc   0x0000018c   Code   RO         1131    i.HAL_RCC_ClockConfig  stm32f1xx_hal_rcc.o
    0x08003658   0x08003658   0x0000000c   Code   RO         1136    i.HAL_RCC_GetHCLKFreq  stm32f1xx_hal_rcc.o
    0x08003664   0x08003664   0x00000020   Code   RO         1138    i.HAL_RCC_GetPCLK1Freq  stm32f1xx_hal_rcc.o
    0x08003684   0x08003684   0x00000020   Code   RO         1139    i.HAL_RCC_GetPCLK2Freq  stm32f1xx_hal_rcc.o
    0x080036a4   0x080036a4   0x00000070   Code   RO         1140    i.HAL_RCC_GetSysClockFreq  stm32f1xx_hal_rcc.o
    0x08003714   0x08003714   0x00000464   Code   RO         1143    i.HAL_RCC_OscConfig  stm32f1xx_hal_rcc.o
    0x08003b78   0x08003b78   0x00000034   Code   RO         1449    i.HAL_SYSTICK_Config  stm32f1xx_hal_cortex.o
    0x08003bac   0x08003bac   0x00000084   Code   RO         3177    i.HAL_TIMEx_MasterConfigSynchronization  stm32f1xx_hal_tim_ex.o
    0x08003c30   0x08003c30   0x00000066   Code   RO         2443    i.HAL_TIM_Base_Init  stm32f1xx_hal_tim.o
    0x08003c96   0x08003c96   0x00000002   PAD
    0x08003c98   0x08003c98   0x0000002c   Code   RO          396    i.HAL_TIM_Base_MspInit  tim.o
    0x08003cc4   0x08003cc4   0x0000006c   Code   RO         2446    i.HAL_TIM_Base_Start  stm32f1xx_hal_tim.o
    0x08003d30   0x08003d30   0x0000010c   Code   RO         2452    i.HAL_TIM_ConfigClockSource  stm32f1xx_hal_tim.o
    0x08003e3c   0x08003e3c   0x00000070   Code   RO         3435    i.HAL_UARTEx_ReceiveToIdle_DMA  stm32f1xx_hal_uart.o
    0x08003eac   0x08003eac   0x0000005c   Code   RO         4198    i.HAL_UARTEx_RxEventCallback  atgm336h.o
    0x08003f08   0x08003f08   0x0000008a   Code   RO         3449    i.HAL_UART_DMAStop  stm32f1xx_hal_uart.o
    0x08003f92   0x08003f92   0x00000002   Code   RO         3451    i.HAL_UART_ErrorCallback  stm32f1xx_hal_uart.o
    0x08003f94   0x08003f94   0x000002e4   Code   RO         3454    i.HAL_UART_IRQHandler  stm32f1xx_hal_uart.o
    0x08004278   0x08004278   0x00000076   Code   RO         3455    i.HAL_UART_Init     stm32f1xx_hal_uart.o
    0x080042ee   0x080042ee   0x00000002   PAD
    0x080042f0   0x080042f0   0x000001c0   Code   RO          438    i.HAL_UART_MspInit  usart.o
    0x080044b0   0x080044b0   0x0000002c   Code   RO         3460    i.HAL_UART_Receive_IT  stm32f1xx_hal_uart.o
    0x080044dc   0x080044dc   0x00000050   Code   RO         4380    i.HAL_UART_RxCpltCallback  asrpro.o
    0x0800452c   0x0800452c   0x00000002   Code   RO         3462    i.HAL_UART_RxHalfCpltCallback  stm32f1xx_hal_uart.o
    0x0800452e   0x0800452e   0x000000be   Code   RO         3463    i.HAL_UART_Transmit  stm32f1xx_hal_uart.o
    0x080045ec   0x080045ec   0x00000002   Code   RO         3466    i.HAL_UART_TxCpltCallback  stm32f1xx_hal_uart.o
    0x080045ee   0x080045ee   0x00000004   Code   RO          524    i.HardFault_Handler  stm32f1xx_it.o
    0x080045f2   0x080045f2   0x0000003e   Code   RO         2019    i.I2C_IsAcknowledgeFailed  stm32f1xx_hal_i2c.o
    0x08004630   0x08004630   0x00000138   Code   RO         2022    i.I2C_MasterRequestRead  stm32f1xx_hal_i2c.o
    0x08004768   0x08004768   0x000000c0   Code   RO         2023    i.I2C_MasterRequestWrite  stm32f1xx_hal_i2c.o
    0x08004828   0x08004828   0x00000160   Code   RO         2030    i.I2C_RequestMemoryRead  stm32f1xx_hal_i2c.o
    0x08004988   0x08004988   0x000000e0   Code   RO         2031    i.I2C_RequestMemoryWrite  stm32f1xx_hal_i2c.o
    0x08004a68   0x08004a68   0x00000066   Code   RO         2039    i.I2C_WaitOnBTFFlagUntilTimeout  stm32f1xx_hal_i2c.o
    0x08004ace   0x08004ace   0x000000be   Code   RO         2040    i.I2C_WaitOnFlagUntilTimeout  stm32f1xx_hal_i2c.o
    0x08004b8c   0x08004b8c   0x000000fa   Code   RO         2041    i.I2C_WaitOnMasterAddressFlagUntilTimeout  stm32f1xx_hal_i2c.o
    0x08004c86   0x08004c86   0x0000008a   Code   RO         2042    i.I2C_WaitOnRXNEFlagUntilTimeout  stm32f1xx_hal_i2c.o
    0x08004d10   0x08004d10   0x00000066   Code   RO         2045    i.I2C_WaitOnTXEFlagUntilTimeout  stm32f1xx_hal_i2c.o
    0x08004d76   0x08004d76   0x00000002   PAD
    0x08004d78   0x08004d78   0x00000038   Code   RO         5074    i.MAX30102_IIC_Ack  soft_iic.o
    0x08004db0   0x08004db0   0x00000058   Code   RO         5075    i.MAX30102_IIC_Init  soft_iic.o
    0x08004e08   0x08004e08   0x00000038   Code   RO         5076    i.MAX30102_IIC_NAck  soft_iic.o
    0x08004e40   0x08004e40   0x00000058   Code   RO         5078    i.MAX30102_IIC_Read_Byte  soft_iic.o
    0x08004e98   0x08004e98   0x00000024   Code   RO         5080    i.MAX30102_IIC_SDA_IN  soft_iic.o
    0x08004ebc   0x08004ebc   0x00000020   Code   RO         5081    i.MAX30102_IIC_SDA_OUT  soft_iic.o
    0x08004edc   0x08004edc   0x00000050   Code   RO         5082    i.MAX30102_IIC_Send_Byte  soft_iic.o
    0x08004f2c   0x08004f2c   0x00000038   Code   RO         5083    i.MAX30102_IIC_Start  soft_iic.o
    0x08004f64   0x08004f64   0x00000034   Code   RO         5084    i.MAX30102_IIC_Stop  soft_iic.o
    0x08004f98   0x08004f98   0x0000004c   Code   RO         5085    i.MAX30102_IIC_Wait_Ack  soft_iic.o
    0x08004fe4   0x08004fe4   0x000000a0   Code   RO         4999    i.MAX30102_Init     max30102_control.o
    0x08005084   0x08005084   0x00000014   Code   RO         5000    i.MAX30102_Reset    max30102_control.o
    0x08005098   0x08005098   0x00000050   Code   RO         4050    i.MPU_Get_Accelerometer  mpu6050.o
    0x080050e8   0x080050e8   0x00000050   Code   RO         4051    i.MPU_Get_Gyroscope  mpu6050.o
    0x08005138   0x08005138   0x0000002c   Code   RO         4053    i.MPU_Init          mpu6050.o
    0x08005164   0x08005164   0x00000044   Code   RO         4055    i.MPU_Read_Len      mpu6050.o
    0x080051a8   0x080051a8   0x00000030   Code   RO         4056    i.MPU_Write_Byte    mpu6050.o
    0x080051d8   0x080051d8   0x00000060   Code   RO          289    i.MX_ADC1_Init      adc.o
    0x08005238   0x08005238   0x00000044   Code   RO          329    i.MX_DMA_Init       dma.o
    0x0800527c   0x0800527c   0x000000b4   Code   RO          260    i.MX_GPIO_Init      gpio.o
    0x08005330   0x08005330   0x0000003c   Code   RO          355    i.MX_I2C1_Init      i2c.o
    0x0800536c   0x0800536c   0x0000006c   Code   RO          397    i.MX_TIM2_Init      tim.o
    0x080053d8   0x080053d8   0x00000038   Code   RO          439    i.MX_USART1_UART_Init  usart.o
    0x08005410   0x08005410   0x00000038   Code   RO          440    i.MX_USART2_UART_Init  usart.o
    0x08005448   0x08005448   0x00000038   Code   RO          441    i.MX_USART3_UART_Init  usart.o
    0x08005480   0x08005480   0x00000004   Code   RO          525    i.MemManage_Handler  stm32f1xx_it.o
    0x08005484   0x08005484   0x00000004   Code   RO          526    i.NMI_Handler       stm32f1xx_it.o
    0x08005488   0x08005488   0x000000f8   Code   RO         4259    i.OLED_BootAnimation  oled_app.o
    0x08005580   0x08005580   0x0000002a   Code   RO         5258    i.OLED_Clear        oled_1.o
    0x080055aa   0x080055aa   0x0000004a   Code   RO         5261    i.OLED_DrawCN_Block  oled_1.o
    0x080055f4   0x080055f4   0x0000001c   Code   RO         4260    i.OLED_FillLine     oled_app.o
    0x08005610   0x08005610   0x00000058   Code   RO         5263    i.OLED_I2C_SendByte  oled_1.o
    0x08005668   0x08005668   0x00000030   Code   RO         5264    i.OLED_I2C_Start    oled_1.o
    0x08005698   0x08005698   0x00000028   Code   RO         5265    i.OLED_I2C_Stop     oled_1.o
    0x080056c0   0x080056c0   0x000000aa   Code   RO         5266    i.OLED_Init         oled_1.o
    0x0800576a   0x0800576a   0x00000014   Code   RO         5267    i.OLED_Pow          oled_1.o
    0x0800577e   0x0800577e   0x00000002   PAD
    0x08005780   0x08005780   0x00000038   Code   RO         4261    i.OLED_RefreshPage  oled_app.o
    0x080057b8   0x080057b8   0x00000022   Code   RO         5268    i.OLED_SetCursor    oled_1.o
    0x080057da   0x080057da   0x00000002   PAD
    0x080057dc   0x080057dc   0x00000074   Code   RO         5270    i.OLED_ShowChar     oled_1.o
    0x08005850   0x08005850   0x00000044   Code   RO         5273    i.OLED_ShowNum      oled_1.o
    0x08005894   0x08005894   0x00000040   Code   RO         5274    i.OLED_ShowProgress  oled_1.o
    0x080058d4   0x080058d4   0x000000c4   Code   RO         5276    i.OLED_ShowStr      oled_1.o
    0x08005998   0x08005998   0x00000028   Code   RO         5277    i.OLED_ShowString   oled_1.o
    0x080059c0   0x080059c0   0x00000020   Code   RO         5279    i.OLED_WriteCommand  oled_1.o
    0x080059e0   0x080059e0   0x00000020   Code   RO         5280    i.OLED_WriteData    oled_1.o
    0x08005a00   0x08005a00   0x00000002   Code   RO          527    i.PendSV_Handler    stm32f1xx_it.o
    0x08005a02   0x08005a02   0x00000002   PAD
    0x08005a04   0x08005a04   0x00000028   Code   RO         1144    i.RCC_Delay         stm32f1xx_hal_rcc.o
    0x08005a2c   0x08005a2c   0x00000002   Code   RO          528    i.SVC_Handler       stm32f1xx_it.o
    0x08005a2e   0x08005a2e   0x00000008   Code   RO          529    i.SysTick_Handler   stm32f1xx_it.o
    0x08005a36   0x08005a36   0x00000084   Code   RO           14    i.SystemClock_Config  main.o
    0x08005aba   0x08005aba   0x00000002   Code   RO         3799    i.SystemInit        system_stm32f1xx.o
    0x08005abc   0x08005abc   0x00000084   Code   RO         2536    i.TIM_Base_SetConfig  stm32f1xx_hal_tim.o
    0x08005b40   0x08005b40   0x00000016   Code   RO         2547    i.TIM_ETR_SetConfig  stm32f1xx_hal_tim.o
    0x08005b56   0x08005b56   0x00000012   Code   RO         2548    i.TIM_ITRx_SetConfig  stm32f1xx_hal_tim.o
    0x08005b68   0x08005b68   0x00000026   Code   RO         2554    i.TIM_TI1_ConfigInputStage  stm32f1xx_hal_tim.o
    0x08005b8e   0x08005b8e   0x00000028   Code   RO         2556    i.TIM_TI2_ConfigInputStage  stm32f1xx_hal_tim.o
    0x08005bb6   0x08005bb6   0x00000014   Code   RO         3468    i.UART_DMAAbortOnError  stm32f1xx_hal_uart.o
    0x08005bca   0x08005bca   0x00000050   Code   RO         3469    i.UART_DMAError     stm32f1xx_hal_uart.o
    0x08005c1a   0x08005c1a   0x000000b4   Code   RO         3470    i.UART_DMAReceiveCplt  stm32f1xx_hal_uart.o
    0x08005cce   0x08005cce   0x00000024   Code   RO         3472    i.UART_DMARxHalfCplt  stm32f1xx_hal_uart.o
    0x08005cf2   0x08005cf2   0x0000006c   Code   RO         3478    i.UART_EndRxTransfer  stm32f1xx_hal_uart.o
    0x08005d5e   0x08005d5e   0x00000020   Code   RO         3479    i.UART_EndTransmit_IT  stm32f1xx_hal_uart.o
    0x08005d7e   0x08005d7e   0x00000026   Code   RO         3480    i.UART_EndTxTransfer  stm32f1xx_hal_uart.o
    0x08005da4   0x08005da4   0x000000fc   Code   RO         3481    i.UART_Receive_IT   stm32f1xx_hal_uart.o
    0x08005ea0   0x08005ea0   0x000000fc   Code   RO         3482    i.UART_SetConfig    stm32f1xx_hal_uart.o
    0x08005f9c   0x08005f9c   0x000000c8   Code   RO         3483    i.UART_Start_Receive_DMA  stm32f1xx_hal_uart.o
    0x08006064   0x08006064   0x00000040   Code   RO         3484    i.UART_Start_Receive_IT  stm32f1xx_hal_uart.o
    0x080060a4   0x080060a4   0x00000060   Code   RO         3485    i.UART_Transmit_IT  stm32f1xx_hal_uart.o
    0x08006104   0x08006104   0x0000008c   Code   RO         3486    i.UART_WaitOnFlagUntilTimeout  stm32f1xx_hal_uart.o
    0x08006190   0x08006190   0x00000010   Code   RO          530    i.USART1_IRQHandler  stm32f1xx_it.o
    0x080061a0   0x080061a0   0x00000010   Code   RO          531    i.USART2_IRQHandler  stm32f1xx_it.o
    0x080061b0   0x080061b0   0x00000004   Code   RO          532    i.UsageFault_Handler  stm32f1xx_it.o
    0x080061b4   0x080061b4   0x00000020   Code   RO         5716    i.__0printf         mc_w.l(printfa.o)
    0x080061d4   0x080061d4   0x00000028   Code   RO         5718    i.__0sprintf        mc_w.l(printfa.o)
    0x080061fc   0x080061fc   0x00000034   Code   RO         5721    i.__0vsnprintf      mc_w.l(printfa.o)
    0x08006230   0x08006230   0x00000028   Code   RO         5840    i.__ARM_fpclassify  m_ws.l(fpclassify.o)
    0x08006258   0x08006258   0x00000010   Code   RO         1451    i.__NVIC_GetPriorityGrouping  stm32f1xx_hal_cortex.o
    0x08006268   0x08006268   0x00000028   Code   RO         1452    i.__NVIC_SetPriority  stm32f1xx_hal_cortex.o
    0x08006290   0x08006290   0x000000aa   Code   RO         5842    i.__kernel_poly     m_ws.l(poly.o)
    0x0800633a   0x0800633a   0x00000002   PAD
    0x0800633c   0x0800633c   0x00000010   Code   RO         5826    i.__mathlib_dbl_divzero  m_ws.l(dunder.o)
    0x0800634c   0x0800634c   0x00000006   Code   RO         5827    i.__mathlib_dbl_infnan  m_ws.l(dunder.o)
    0x08006352   0x08006352   0x00000004   Code   RO         5828    i.__mathlib_dbl_infnan2  m_ws.l(dunder.o)
    0x08006356   0x08006356   0x0000000c   Code   RO         5829    i.__mathlib_dbl_invalid  m_ws.l(dunder.o)
    0x08006362   0x08006362   0x0000000e   Code   RO         5830    i.__mathlib_dbl_overflow  m_ws.l(dunder.o)
    0x08006370   0x08006370   0x00000010   Code   RO         5832    i.__mathlib_dbl_underflow  m_ws.l(dunder.o)
    0x08006380   0x08006380   0x0000000e   Code   RO         5907    i.__scatterload_copy  mc_w.l(handlers.o)
    0x0800638e   0x0800638e   0x00000002   Code   RO         5908    i.__scatterload_null  mc_w.l(handlers.o)
    0x08006390   0x08006390   0x0000000e   Code   RO         5909    i.__scatterload_zeroinit  mc_w.l(handlers.o)
    0x0800639e   0x0800639e   0x00000002   PAD
    0x080063a0   0x080063a0   0x0000000c   Code   RO         5874    i.__set_errno       mc_w.l(errno.o)
    0x080063ac   0x080063ac   0x00000184   Code   RO         5723    i._fp_digits        mc_w.l(printfa.o)
    0x08006530   0x08006530   0x0000000e   Code   RO         5776    i._is_digit         mc_w.l(scanf_fp.o)
    0x0800653e   0x0800653e   0x00000002   PAD
    0x08006540   0x08006540   0x000006b4   Code   RO         5724    i._printf_core      mc_w.l(printfa.o)
    0x08006bf4   0x08006bf4   0x00000024   Code   RO         5725    i._printf_post_padding  mc_w.l(printfa.o)
    0x08006c18   0x08006c18   0x0000002e   Code   RO         5726    i._printf_pre_padding  mc_w.l(printfa.o)
    0x08006c46   0x08006c46   0x00000016   Code   RO         5727    i._snputc           mc_w.l(printfa.o)
    0x08006c5c   0x08006c5c   0x0000000a   Code   RO         5728    i._sputc            mc_w.l(printfa.o)
    0x08006c66   0x08006c66   0x00000002   PAD
    0x08006c68   0x08006c68   0x000000a8   Code   RO         4420    i.accel_self_test   inv_mpu.o
    0x08006d10   0x08006d10   0x00000270   Code   RO         5425    i.asin              m_ws.l(asin.o)
    0x08006f80   0x08006f80   0x00000018   Code   RO         4381    i.asrpro_init       asrpro.o
    0x08006f98   0x08006f98   0x0000011c   Code   RO         4382    i.asrpro_task       asrpro.o
    0x080070b4   0x080070b4   0x00000220   Code   RO         5817    i.atan              m_ws.l(atan.o)
    0x080072d4   0x080072d4   0x0000019c   Code   RO         5435    i.atan2             m_ws.l(atan2.o)
    0x08007470   0x08007470   0x00000044   Code   RO         4199    i.atgm336h_init     atgm336h.o
    0x080074b4   0x080074b4   0x0000004c   Code   RO         4200    i.atgm336h_task     atgm336h.o
    0x08007500   0x08007500   0x00000020   Code   RO         4201    i.clrStruct         atgm336h.o
    0x08007520   0x08007520   0x00000064   Code   RO         4747    i.decode_gesture    inv_mpu_dmp_motion_driver.o
    0x08007584   0x08007584   0x00000010   Code   RO         3947    i.delay_init        delay.o
    0x08007594   0x08007594   0x00000020   Code   RO         3950    i.delay_us          delay.o
    0x080075b4   0x080075b4   0x0000008c   Code   RO         3994    i.dht11_task        dht11.o
    0x08007640   0x08007640   0x0000003c   Code   RO         4748    i.dmp_enable_6x_lp_quat  inv_mpu_dmp_motion_driver.o
    0x0800767c   0x0800767c   0x0000021c   Code   RO         4749    i.dmp_enable_feature  inv_mpu_dmp_motion_driver.o
    0x08007898   0x08007898   0x00000058   Code   RO         4750    i.dmp_enable_gyro_cal  inv_mpu_dmp_motion_driver.o
    0x080078f0   0x080078f0   0x0000003c   Code   RO         4751    i.dmp_enable_lp_quat  inv_mpu_dmp_motion_driver.o
    0x0800792c   0x0800792c   0x00000018   Code   RO         4756    i.dmp_load_motion_driver_firmware  inv_mpu_dmp_motion_driver.o
    0x08007944   0x08007944   0x000001d4   Code   RO         4757    i.dmp_read_fifo     inv_mpu_dmp_motion_driver.o
    0x08007b18   0x08007b18   0x00000134   Code   RO         4760    i.dmp_set_accel_bias  inv_mpu_dmp_motion_driver.o
    0x08007c4c   0x08007c4c   0x00000070   Code   RO         4761    i.dmp_set_fifo_rate  inv_mpu_dmp_motion_driver.o
    0x08007cbc   0x08007cbc   0x00000130   Code   RO         4762    i.dmp_set_gyro_bias  inv_mpu_dmp_motion_driver.o
    0x08007dec   0x08007dec   0x00000138   Code   RO         4764    i.dmp_set_orientation  inv_mpu_dmp_motion_driver.o
    0x08007f24   0x08007f24   0x00000038   Code   RO         4767    i.dmp_set_shake_reject_thresh  inv_mpu_dmp_motion_driver.o
    0x08007f5c   0x08007f5c   0x00000026   Code   RO         4768    i.dmp_set_shake_reject_time  inv_mpu_dmp_motion_driver.o
    0x08007f82   0x08007f82   0x00000026   Code   RO         4769    i.dmp_set_shake_reject_timeout  inv_mpu_dmp_motion_driver.o
    0x08007fa8   0x08007fa8   0x00000046   Code   RO         4770    i.dmp_set_tap_axes  inv_mpu_dmp_motion_driver.o
    0x08007fee   0x08007fee   0x00000026   Code   RO         4771    i.dmp_set_tap_count  inv_mpu_dmp_motion_driver.o
    0x08008014   0x08008014   0x000001a0   Code   RO         4772    i.dmp_set_tap_thresh  inv_mpu_dmp_motion_driver.o
    0x080081b4   0x080081b4   0x00000026   Code   RO         4773    i.dmp_set_tap_time  inv_mpu_dmp_motion_driver.o
    0x080081da   0x080081da   0x00000026   Code   RO         4774    i.dmp_set_tap_time_multi  inv_mpu_dmp_motion_driver.o
    0x08008200   0x08008200   0x0000001c   Code   RO          442    i.fputc             usart.o
    0x0800821c   0x0800821c   0x000000cc   Code   RO         4421    i.get_accel_prod_shift  inv_mpu.o
    0x080082e8   0x080082e8   0x00000624   Code   RO         4422    i.get_st_biases     inv_mpu.o
    0x0800890c   0x0800890c   0x00000124   Code   RO         4423    i.gyro_self_test    inv_mpu.o
    0x08008a30   0x08008a30   0x00000028   Code   RO         4424    i.inv_orientation_matrix_to_scalar  inv_mpu.o
    0x08008a58   0x08008a58   0x0000004e   Code   RO         4425    i.inv_row_2_scale   inv_mpu.o
    0x08008aa6   0x08008aa6   0x00000002   PAD
    0x08008aa8   0x08008aa8   0x00000090   Code   RO           15    i.main              main.o
    0x08008b38   0x08008b38   0x00000052   Code   RO         5001    i.max30102_Bus_Read  max30102_control.o
    0x08008b8a   0x08008b8a   0x00000044   Code   RO         5002    i.max30102_Bus_Write  max30102_control.o
    0x08008bce   0x08008bce   0x00000080   Code   RO         5003    i.max30102_FIFO_ReadBytes  max30102_control.o
    0x08008c4e   0x08008c4e   0x00000002   PAD
    0x08008c50   0x08008c50   0x000001f8   Code   RO         4138    i.max30102_task     max30102.o
    0x08008e48   0x08008e48   0x00000042   Code   RO         4938    i.maxim_find_peaks  algorithm.o
    0x08008e8a   0x08008e8a   0x00000002   PAD
    0x08008e8c   0x08008e8c   0x0000050c   Code   RO         4939    i.maxim_heart_rate_and_oxygen_saturation  algorithm.o
    0x08009398   0x08009398   0x0000007a   Code   RO         4940    i.maxim_peaks_above_min_height  algorithm.o
    0x08009412   0x08009412   0x00000072   Code   RO         4941    i.maxim_remove_close_peaks  algorithm.o
    0x08009484   0x08009484   0x00000036   Code   RO         4942    i.maxim_sort_ascend  algorithm.o
    0x080094ba   0x080094ba   0x00000040   Code   RO         4943    i.maxim_sort_indices_descend  algorithm.o
    0x080094fa   0x080094fa   0x00000002   PAD
    0x080094fc   0x080094fc   0x000003b0   Code   RO         4058    i.mpu6050_task      mpu6050.o
    0x080098ac   0x080098ac   0x00000070   Code   RO         4426    i.mpu_configure_fifo  inv_mpu.o
    0x0800991c   0x0800991c   0x00000224   Code   RO         4427    i.mpu_dmp_get_data  inv_mpu.o
    0x08009b40   0x08009b40   0x0000009c   Code   RO         4428    i.mpu_dmp_init      inv_mpu.o
    0x08009bdc   0x08009bdc   0x0000004c   Code   RO         4429    i.mpu_get_accel_fsr  inv_mpu.o
    0x08009c28   0x08009c28   0x00000054   Code   RO         4431    i.mpu_get_accel_sens  inv_mpu.o
    0x08009c7c   0x08009c7c   0x00000010   Code   RO         4436    i.mpu_get_fifo_config  inv_mpu.o
    0x08009c8c   0x08009c8c   0x00000044   Code   RO         4437    i.mpu_get_gyro_fsr  inv_mpu.o
    0x08009cd0   0x08009cd0   0x00000050   Code   RO         4439    i.mpu_get_gyro_sens  inv_mpu.o
    0x08009d20   0x08009d20   0x00000050   Code   RO         4441    i.mpu_get_lpf       inv_mpu.o
    0x08009d70   0x08009d70   0x00000020   Code   RO         4443    i.mpu_get_sample_rate  inv_mpu.o
    0x08009d90   0x08009d90   0x000001e0   Code   RO         4445    i.mpu_init          inv_mpu.o
    0x08009f70   0x08009f70   0x000000cc   Code   RO         4446    i.mpu_load_firmware  inv_mpu.o
    0x0800a03c   0x0800a03c   0x00000100   Code   RO         4447    i.mpu_lp_accel_mode  inv_mpu.o
    0x0800a13c   0x0800a13c   0x000000f0   Code   RO         4450    i.mpu_read_fifo_stream  inv_mpu.o
    0x0800a22c   0x0800a22c   0x0000009c   Code   RO         4451    i.mpu_read_mem      inv_mpu.o
    0x0800a2c8   0x0800a2c8   0x0000026c   Code   RO         4454    i.mpu_reset_fifo    inv_mpu.o
    0x0800a534   0x0800a534   0x0000011c   Code   RO         4455    i.mpu_run_self_test  inv_mpu.o
    0x0800a650   0x0800a650   0x00000098   Code   RO         4457    i.mpu_set_accel_fsr  inv_mpu.o
    0x0800a6e8   0x0800a6e8   0x000001a8   Code   RO         4458    i.mpu_set_bypass    inv_mpu.o
    0x0800a890   0x0800a890   0x000000b0   Code   RO         4460    i.mpu_set_dmp_state  inv_mpu.o
    0x0800a940   0x0800a940   0x0000009c   Code   RO         4461    i.mpu_set_gyro_fsr  inv_mpu.o
    0x0800a9dc   0x0800a9dc   0x00000080   Code   RO         4462    i.mpu_set_int_latched  inv_mpu.o
    0x0800aa5c   0x0800aa5c   0x00000098   Code   RO         4464    i.mpu_set_lpf       inv_mpu.o
    0x0800aaf4   0x0800aaf4   0x000000b0   Code   RO         4465    i.mpu_set_sample_rate  inv_mpu.o
    0x0800aba4   0x0800aba4   0x000000f0   Code   RO         4466    i.mpu_set_sensors   inv_mpu.o
    0x0800ac94   0x0800ac94   0x0000009c   Code   RO         4467    i.mpu_write_mem     inv_mpu.o
    0x0800ad30   0x0800ad30   0x00000018   Code   RO         3909    i.mq2_init          mq2.o
    0x0800ad48   0x0800ad48   0x0000012c   Code   RO         3910    i.mq2_task          mq2.o
    0x0800ae74   0x0800ae74   0x0000003a   Code   RO          443    i.my_printf         usart.o
    0x0800aeae   0x0800aeae   0x00000008   Code   RO         4262    i.oled_init         oled_app.o
    0x0800aeb6   0x0800aeb6   0x00000002   PAD
    0x0800aeb8   0x0800aeb8   0x00000398   Code   RO         4263    i.oled_task         oled_app.o
    0x0800b250   0x0800b250   0x000001d8   Code   RO         4202    i.parse_uart_command  atgm336h.o
    0x0800b428   0x0800b428   0x000009d8   Code   RO         5443    i.pow               m_ws.l(pow.o)
    0x0800be00   0x0800be00   0x00000002   Code   RO         4203    i.printGpsBuffer    atgm336h.o
    0x0800be02   0x0800be02   0x0000003c   Code   RO         5176    i.rt_ringbuffer_data_len  ringbuffer.o
    0x0800be3e   0x0800be3e   0x000000a4   Code   RO         5177    i.rt_ringbuffer_get  ringbuffer.o
    0x0800bee2   0x0800bee2   0x00000030   Code   RO         5179    i.rt_ringbuffer_init  ringbuffer.o
    0x0800bf12   0x0800bf12   0x000000a8   Code   RO         5181    i.rt_ringbuffer_put  ringbuffer.o
    0x0800bfba   0x0800bfba   0x0000002a   Code   RO         5186    i.rt_ringbuffer_status  ringbuffer.o
    0x0800bfe4   0x0800bfe4   0x00000094   Code   RO         4468    i.run_self_test     inv_mpu.o
    0x0800c078   0x0800c078   0x0000000c   Code   RO         3835    i.scheduler_init    scheduler.o
    0x0800c084   0x0800c084   0x00000058   Code   RO         3836    i.scheduler_run     scheduler.o
    0x0800c0dc   0x0800c0dc   0x0000003c   Code   RO         4318    i.send_flag_to_asr  sensor.o
    0x0800c118   0x0800c118   0x000000b0   Code   RO         4469    i.set_int_enable    inv_mpu.o
    0x0800c1c8   0x0800c1c8   0x0000004c   Code   RO         5453    i.sqrt              m_ws.l(sqrt.o)
    0x0800c214   0x0800c214   0x00000012   Data   RO         1145    .constdata          stm32f1xx_hal_rcc.o
    0x0800c226   0x0800c226   0x00000018   Data   RO         3800    .constdata          system_stm32f1xx.o
    0x0800c23e   0x0800c23e   0x00000006   Data   RO         4320    .constdata          sensor.o
    0x0800c244   0x0800c244   0x00000054   Data   RO         4470    .constdata          inv_mpu.o
    0x0800c298   0x0800c298   0x00000bf6   Data   RO         4776    .constdata          inv_mpu_dmp_motion_driver.o
    0x0800ce8e   0x0800ce8e   0x000000f6   Data   RO         4945    .constdata          algorithm.o
    0x0800cf84   0x0800cf84   0x00002154   Data   RO         5281    .constdata          oled_1.o
    0x0800f0d8   0x0800f0d8   0x00000050   Data   RO         5426    .constdata          m_ws.l(asin.o)
    0x0800f128   0x0800f128   0x00000088   Data   RO         5444    .constdata          m_ws.l(pow.o)
    0x0800f1b0   0x0800f1b0   0x00000098   Data   RO         5818    .constdata          m_ws.l(atan.o)
    0x0800f248   0x0800f248   0x00000008   Data   RO         5844    .constdata          m_ws.l(qnan.o)
    0x0800f250   0x0800f250   0x00000040   Data   RO         5903    .constdata          mc_w.l(ctype_c.o)
    0x0800f290   0x0800f290   0x00000038   Data   RO         4321    .conststring        sensor.o
    0x0800f2c8   0x0800f2c8   0x00000020   Data   RO         5905    Region$$Table       anon$$obj.o


    Execution Region RW_IRAM1 (Exec base: 0x20000000, Load base: 0x0800f2e8, Size: 0x000040a8, Max: 0x00005000, ABSOLUTE, COMPRESSED[0x000000b0])

    Exec Addr    Load Addr    Size         Type   Attr      Idx    E Section Name        Object

    0x20000000   COMPRESSED   0x00000009   Data   RW          981    .data               stm32f1xx_hal.o
    0x20000009   COMPRESSED   0x00000003   PAD
    0x2000000c   COMPRESSED   0x00000004   Data   RW         3801    .data               system_stm32f1xx.o
    0x20000010   COMPRESSED   0x00000064   Data   RW         3837    .data               scheduler.o
    0x20000074   COMPRESSED   0x00000015   Data   RW         3912    .data               mq2.o
    0x20000089   COMPRESSED   0x00000003   PAD
    0x2000008c   COMPRESSED   0x00000009   Data   RW         3995    .data               dht11.o
    0x20000095   COMPRESSED   0x00000003   PAD
    0x20000098   COMPRESSED   0x0000003b   Data   RW         4059    .data               mpu6050.o
    0x200000d3   COMPRESSED   0x00000001   PAD
    0x200000d4   COMPRESSED   0x00000fdf   Data   RW         4140    .data               max30102.o
    0x200010b3   COMPRESSED   0x00000001   PAD
    0x200010b4   COMPRESSED   0x00000008   Data   RW         4205    .data               atgm336h.o
    0x200010bc   COMPRESSED   0x00000002   Data   RW         4264    .data               oled_app.o
    0x200010be   COMPRESSED   0x00000002   PAD
    0x200010c0   COMPRESSED   0x00000034   Data   RW         4322    .data               sensor.o
    0x200010f4   COMPRESSED   0x00000008   Data   RW         4384    .data               asrpro.o
    0x200010fc   COMPRESSED   0x00000035   Data   RW         4471    .data               inv_mpu.o
    0x20001131   COMPRESSED   0x00000003   PAD
    0x20001134   COMPRESSED   0x00000004   Data   RW         5861    .data               mc_w.l(stdout.o)
    0x20001138   COMPRESSED   0x00000004   Data   RW         5875    .data               mc_w.l(errno.o)
    0x2000113c        -       0x00000074   Zero   RW          290    .bss                adc.o
    0x200011b0        -       0x00000054   Zero   RW          356    .bss                i2c.o
    0x20001204        -       0x00000048   Zero   RW          398    .bss                tim.o
    0x2000124c        -       0x0000011c   Zero   RW          444    .bss                usart.o
    0x20001368        -       0x00000078   Zero   RW         3911    .bss                mq2.o
    0x200013e0        -       0x00001094   Zero   RW         4204    .bss                atgm336h.o
    0x20002474        -       0x00000044   Zero   RW         4319    .bss                sensor.o
    0x200024b8        -       0x00000080   Zero   RW         4383    .bss                asrpro.o
    0x20002538        -       0x00000010   Zero   RW         4775    .bss                inv_mpu_dmp_motion_driver.o
    0x20002548        -       0x00001760   Zero   RW         4944    .bss                algorithm.o
    0x20003ca8        -       0x00000400   Zero   RW            1    STACK               startup_stm32f103xb.o


==============================================================================

Image component sizes


      Code (inc. data)   RO Data    RW Data    ZI Data      Debug   Object Name

       272         32          0          0        116       1647   adc.o
      1712         32        246          0       5984       7273   algorithm.o
       388        128          0          8        128       2040   asrpro.o
       742        124          0          8       4244       4994   atgm336h.o
        48         12          0          0          0        832   delay.o
       680         88          0          9          0       3837   dht11.o
        68          4          0          0          0        702   dma.o
       180         12          0          0          0        879   gpio.o
       176         24          0          0         84       1513   i2c.o
      7930        284         84         53          0      31034   inv_mpu.o
      3108        126       3062          0         16      19810   inv_mpu_dmp_motion_driver.o
       282         32          0          0          0     452501   main.o
       688         66          0       4063          0       3854   max30102.o
       458         10          0          0          0       3476   max30102_control.o
      1264         92          0         59          0       5165   mpu6050.o
       324         96          0         21        120       1577   mq2.o
      1064         26       8532          0          0       9938   oled_1.o
      1260        432          0          2          0       2772   oled_app.o
       482          0          0          0          0       5791   ringbuffer.o
       100         14          0        100          0       1512   scheduler.o
       516         38         62         52         68       4752   sensor.o
       620         88          0          0          0       5623   soft_iic.o
        36          8        236          0       1024        780   startup_stm32f103xb.o
       192         36          0          9          0       5701   stm32f1xx_hal.o
      1428         56          0          0          0       8062   stm32f1xx_hal_adc.o
       304         22          0          0          0      29247   stm32f1xx_hal_cortex.o
       978         12          0          0          0       4698   stm32f1xx_hal_dma.o
       828         34          0          0          0       3223   stm32f1xx_hal_gpio.o
      4872         86          0          0          0      15737   stm32f1xx_hal_i2c.o
        84          8          0          0          0        850   stm32f1xx_hal_msp.o
      1748         98         18          0          0       5784   stm32f1xx_hal_rcc.o
       304         14          0          0          0       1356   stm32f1xx_hal_rcc_ex.o
       728         26          0          0          0       6010   stm32f1xx_hal_tim.o
       132         14          0          0          0       1288   stm32f1xx_hal_tim_ex.o
      2846         22          0          0          0      16668   stm32f1xx_hal_uart.o
        98         24          0          0          0       5500   stm32f1xx_it.o
         2          0         24          4          0       1047   system_stm32f1xx.o
       152         10          0          0         72       1522   tim.o
       702         70          0          0        284       5827   usart.o

    ----------------------------------------------------------------------
     37822       2300      12296       4404      12140     684822   Object Totals
         0          0         32          0          0          0   (incl. Generated)
        26          0          0         16          0          0   (incl. Padding)

    ----------------------------------------------------------------------

      Code (inc. data)   RO Data    RW Data    ZI Data      Debug   Library Member Name

       624         52         80          0          0        168   asin.o
       544         70        152          0          0        124   atan.o
       412         38          0          0          0        144   atan2.o
        68         10          0          0          0        408   dunder.o
        40          0          0          0          0         68   fpclassify.o
       170          0          0          0          0         96   poly.o
      2520        190        136          0          0        324   pow.o
         0          0          8          0          0          0   qnan.o
        76          0          0          0          0         84   sqrt.o
        56          8          0          0          0         84   __0sscanf.o
        86          0          0          0          0          0   __dczerorl2.o
       816          6          0          0          0        112   _scanf.o
        64          0          0          0          0         84   _sgetc.o
        40          6         64          0          0         68   ctype_c.o
         0          0          0          0          0          0   entry.o
         0          0          0          0          0          0   entry10a.o
         0          0          0          0          0          0   entry11a.o
         4          0          0          0          0          0   entry12b.o
         8          4          0          0          0          0   entry2.o
         4          0          0          0          0          0   entry5.o
         0          0          0          0          0          0   entry7b.o
         0          0          0          0          0          0   entry8b.o
         8          4          0          0          0          0   entry9a.o
        12          6          0          4          0         68   errno.o
        30          0          0          0          0          0   handlers.o
        36          8          0          0          0         68   init.o
        10          0          0          0          0         68   isspace_c.o
         0          0          0          0          0          0   iusefp.o
        98          0          0          0          0         84   ldiv.o
        30          0          0          0          0         68   llshl.o
        36          0          0          0          0         68   llsshr.o
        32          0          0          0          0         68   llushr.o
        26          0          0          0          0         80   memcmp.o
        36          0          0          0          0         68   memcpya.o
        36          0          0          0          0        108   memseta.o
      2342        102          0          0          0        764   printfa.o
        40          8          0          0          0         84   scanf_char.o
       878         12          0          0          0        216   scanf_fp.o
         0          0          0          4          0          0   stdout.o
        20          0          0          0          0         68   strchr.o
        14          0          0          0          0         68   strlen.o
        30          0          0          0          0         80   strncmp.o
        36          0          0          0          0         80   strstr.o
        44          0          0          0          0         80   uidiv.o
        98          0          0          0          0         92   uldiv.o
        48          0          0          0          0         68   cdcmple.o
        48          0          0          0          0         68   cdrcmple.o
        20          0          0          0          0         68   cfcmple.o
        20          0          0          0          0         68   cfrcmple.o
        56          0          0          0          0         88   d2f.o
       334          0          0          0          0        148   dadd.o
       222          0          0          0          0        100   ddiv.o
       186          0          0          0          0        176   depilogue.o
        50          0          0          0          0         76   dfixui.o
        48          0          0          0          0         68   dfixul.o
        34          0          0          0          0         76   dflti.o
        24          0          0          0          0         76   dfltul.o
       228          0          0          0          0         96   dmul.o
        46          0          0          0          0         80   dscalb.o
       162          0          0          0          0        100   dsqrt.o
        38          0          0          0          0         68   f2d.o
       176          0          0          0          0        140   fadd.o
       124          0          0          0          0         88   fdiv.o
       110          0          0          0          0        168   fepilogue.o
        50          0          0          0          0         68   ffixi.o
        40          0          0          0          0         68   ffixui.o
        18          0          0          0          0         68   fflti.o
        10          0          0          0          0         68   ffltui.o
       100          0          0          0          0         76   fmul.o

    ----------------------------------------------------------------------
     11626        524        440          8          0       6212   Library Totals
        10          0          0          0          0          0   (incl. Padding)

    ----------------------------------------------------------------------

      Code (inc. data)   RO Data    RW Data    ZI Data      Debug   Library Name

      4454        360        376          0          0       1416   m_ws.l
      4970        164         64          8          0       2628   mc_w.l
      2192          0          0          0          0       2168   mf_w.l

    ----------------------------------------------------------------------
     11626        524        440          8          0       6212   Library Totals

    ----------------------------------------------------------------------

==============================================================================


      Code (inc. data)   RO Data    RW Data    ZI Data      Debug   

     49448       2824      12736       4412      12140     674990   Grand Totals
     49448       2824      12736        176      12140     674990   ELF Image Totals (compressed)
     49448       2824      12736        176          0          0   ROM Totals

==============================================================================

    Total RO  Size (Code + RO Data)                62184 (  60.73kB)
    Total RW  Size (RW Data + ZI Data)             16552 (  16.16kB)
    Total ROM Size (Code + RO Data + RW Data)      62360 (  60.90kB)

==============================================================================

